******************************************************************************
                  TI ARM Linker PC v16.9.6                     
******************************************************************************
>> Linked Fri Oct 13 16:11:24 2023

OUTPUT FILE NAME:   <Lab3_Bump_Reflectance_Systick.out>
ENTRY POINT SYMBOL: "_c_int00"  address: 00001301


MEMORY CONFIGURATION

         name            origin    length      used     unused   attr    fill
----------------------  --------  ---------  --------  --------  ----  --------
  MAIN                  00000000   00040000  00001512  0003eaee  R  X
  INFO                  00200000   00004000  00000000  00004000  R  X
  SRAM_CODE             01000000   00010000  00000253  0000fdad  RW X
  SRAM_DATA             20000000   00010000  00000253  0000fdad  RW  


SEGMENT ALLOCATION MAP

run origin  load origin   length   init length attrs members
----------  ----------- ---------- ----------- ----- -------
00000000    00000000    00001518   00001518    r-x
  00000000    00000000    000000e4   000000e4    r-- .intvecs
  000000e4    000000e4    000013ce   000013ce    r-x .text
  000014b4    000014b4    00000020   00000020    r-- .const
  000014d8    000014d8    00000040   00000040    r-- .cinit
20000000    20000000    00000053   00000000    rw-
  20000000    20000000    00000048   00000000    rw- .data
  20000048    20000048    0000000b   00000000    rw- .bss
2000fe00    2000fe00    00000200   00000000    rw-
  2000fe00    2000fe00    00000200   00000000    rw- .stack


SECTION ALLOCATION MAP

 output                                  attributes/
section   page    origin      length       input sections
--------  ----  ----------  ----------   ----------------
.intvecs   0    00000000    000000e4     
                  00000000    000000e4     startup_msp432p401r_ccs.obj (.intvecs:retain)

.binit     0    00000000    00000000     

.text      0    000000e4    000013ce     
                  000000e4    00000630     TExaS.obj (.text)
                  00000714    0000032c     system_msp432p401r.obj (.text)
                  00000a40    0000025c     Reflectance.obj (.text)
                  00000c9c    000001e0     Clock.obj (.text)
                  00000e7c    000000f8     Bump.obj (.text)
                  00000f74    000000f4     LaunchPad.obj (.text)
                  00001068    000000a8     Lab3_Sensorsmain.obj (.text)
                  00001110    0000009c     rtsv7M4_T_le_v4SPD16_eabi.lib : memcpy_t2.obj (.text)
                  000011ac    0000007a                                   : memset_t2.obj (.text)
                  00001226    00000002                                   : mpu_init.obj (.text)
                  00001228    00000070                                   : autoinit.obj (.text)
                  00001298    00000068                                   : copy_decompress_lzss.obj (.text:decompress:lzss)
                  00001300    00000054                                   : boot.obj (.text)
                  00001354    00000054                                   : exit.obj (.text)
                  000013a8    0000004c                                   : cpy_tbl.obj (.text)
                  000013f4    00000040     SysTickInts.obj (.text)
                  00001434    00000024     CortexM.obj (.text)
                  00001458    00000018     rtsv7M4_T_le_v4SPD16_eabi.lib : args_main.obj (.text)
                  00001470    00000014                                   : _lock.obj (.text)
                  00001484    0000000e                                   : copy_decompress_none.obj (.text:decompress:none)
                  00001492    0000000e     startup_msp432p401r_ccs.obj (.text)
                  000014a0    0000000c     rtsv7M4_T_le_v4SPD16_eabi.lib : copy_zero_init.obj (.text:decompress:ZI)
                  000014ac    00000004                                   : pre_init.obj (.text)
                  000014b0    00000002                                   : startup.obj (.text)

.const     0    000014b4    00000020     
                  000014b4    00000020     Reflectance.obj (.const:$P$T0$1)

.cinit     0    000014d8    00000040     
                  000014d8    00000017     (.cinit..data.load) [load image, compression = lzss]
                  000014ef    00000001     --HOLE-- [fill = 0]
                  000014f0    0000000c     (__TI_handler_table)
                  000014fc    00000004     --HOLE-- [fill = 0]
                  00001500    00000008     (.cinit..bss.load) [load image, compression = zero_init]
                  00001508    00000010     (__TI_cinit_table)

.init_array 
*          0    00000000    00000000     UNINITIALIZED

.data      0    20000000    00000048     UNINITIALIZED
                  20000000    00000018     Clock.obj (.data)
                  20000018    0000000c     rtsv7M4_T_le_v4SPD16_eabi.lib : exit.obj (.data:$O1$$)
                  20000024    0000000c     TExaS.obj (.data)
                  20000030    00000008     rtsv7M4_T_le_v4SPD16_eabi.lib : _lock.obj (.data:$O1$$)
                  20000038    00000005     Lab3_Sensorsmain.obj (.data)
                  2000003d    00000003     --HOLE--
                  20000040    00000004     rtsv7M4_T_le_v4SPD16_eabi.lib : stkdepth_vars.obj (.data)
                  20000044    00000004     system_msp432p401r.obj (.data)

.bss       0    20000048    0000000b     UNINITIALIZED
                  20000048    00000004     (.common:PeriodicTask2)
                  2000004c    00000004     (.common:Port4Task)
                  20000050    00000001     (.common:LogicData)
                  20000051    00000001     (.common:bump_data)
                  20000052    00000001     (.common:reflectance_data)

.stack     0    2000fe00    00000200     UNINITIALIZED
                  2000fe00    00000200     --HOLE--

MODULE SUMMARY

       Module                        code   ro data   rw data
       ------                        ----   -------   -------
    .\
       TExaS.obj                     1584   0         34     
       system_msp432p401r.obj        812    0         8      
       Reflectance.obj               604    32        0      
       Clock.obj                     480    0         48     
       Bump.obj                      248    0         8      
       LaunchPad.obj                 244    0         0      
       startup_msp432p401r_ccs.obj   14     228       0      
       Lab3_Sensorsmain.obj          168    0         14     
       SysTickInts.obj               64     0         0      
       CortexM.obj                   36     0         0      
    +--+-----------------------------+------+---------+---------+
       Total:                        4254   260       112    
                                                             
    C:\ti\ccsv7\tools\compiler\ti-cgt-arm_16.9.6.LTS\lib\rtsv7M4_T_le_v4SPD16_eabi.lib
       memcpy_t2.obj                 156    0         0      
       memset_t2.obj                 122    0         0      
       autoinit.obj                  112    0         0      
       exit.obj                      84     0         24     
       copy_decompress_lzss.obj      104    0         0      
       boot.obj                      84     0         0      
       cpy_tbl.obj                   76     0         0      
       _lock.obj                     20     0         16     
       args_main.obj                 24     0         0      
       copy_decompress_none.obj      14     0         0      
       copy_zero_init.obj            12     0         0      
       stkdepth_vars.obj             0      0         8      
       pre_init.obj                  4      0         0      
       mpu_init.obj                  2      0         0      
       startup.obj                   2      0         0      
    +--+-----------------------------+------+---------+---------+
       Total:                        816    0         48     
                                                             
       Stack:                        0      0         1024   
       Linker Generated:             0      59        0      
    +--+-----------------------------+------+---------+---------+
       Grand Total:                  5070   319       1184   


LINKER GENERATED COPY TABLES

__TI_cinit_table @ 00001508 records: 2, size/record: 8, table size: 16
	.data: load addr=000014d8, load size=00000017 bytes, run addr=20000000, run size=00000048 bytes, compression=lzss
	.bss: load addr=00001500, load size=00000008 bytes, run addr=20000048, run size=0000000b bytes, compression=zero_init


LINKER GENERATED HANDLER TABLE

__TI_handler_table @ 000014f0 records: 3, size/record: 4, table size: 12
	index: 0, handler: __TI_decompress_lzss
	index: 1, handler: __TI_decompress_none
	index: 2, handler: __TI_zero_init


GLOBAL SYMBOLS: SORTED ALPHABETICALLY BY Name 

address   name                           
-------   ----                           
0000149f  ADC14_IRQHandler               
00000475  ADC_Init                       
0000149f  AES256_IRQHandler              
00000e7d  Bump_Init                      
00000ef3  Bump_Read                      
0000149f  BusFault_Handler               
00001355  C$$EXIT                        
0000149f  COMP_E0_IRQHandler             
0000149f  COMP_E1_IRQHandler             
20000008  CPMwait                        
0000149f  CS_IRQHandler                  
20000000  ClockFrequency                 
00000df1  Clock_Delay1ms                 
00000dc7  Clock_Delay1us                 
00000db3  Clock_GetFreq                  
00000c9d  Clock_Init48MHz                
20000014  Crystalstable                  
0000149f  DMA_ERR_IRQHandler             
0000149f  DMA_INT0_IRQHandler            
0000149f  DMA_INT1_IRQHandler            
0000149f  DMA_INT2_IRQHandler            
0000149f  DMA_INT3_IRQHandler            
0000149f  DebugMon_Handler               
0000149f  Default_Handler                
00001435  DisableInterrupts              
0000149f  EUSCIA0_IRQHandler             
0000149f  EUSCIA1_IRQHandler             
0000149f  EUSCIA2_IRQHandler             
0000149f  EUSCIA3_IRQHandler             
0000149f  EUSCIB0_IRQHandler             
0000149f  EUSCIB1_IRQHandler             
0000149f  EUSCIB2_IRQHandler             
0000149f  EUSCIB3_IRQHandler             
0000143b  EnableInterrupts               
0000144b  EndCritical                    
0000149f  FLCTL_IRQHandler               
0000149f  FPU_IRQHandler                 
0000149f  HardFault_Handler              
20000010  IFlags                         
00000f75  LaunchPad_Init                 
00000fe5  LaunchPad_Input                
00000fff  LaunchPad_LED                  
0000101d  LaunchPad_Output               
000000e5  LogicAnalyzer                  
000000ef  LogicAnalyzer_P1               
000001c5  LogicAnalyzer_P10              
000000fd  LogicAnalyzer_P2               
0000010b  LogicAnalyzer_P2_7654          
0000011b  LogicAnalyzer_P3               
00000129  LogicAnalyzer_P4               
00000147  LogicAnalyzer_P4_765320        
00000137  LogicAnalyzer_P4_765432        
0000017f  LogicAnalyzer_P5               
0000018d  LogicAnalyzer_P6               
0000019b  LogicAnalyzer_P7               
000001a9  LogicAnalyzer_P8               
000001b7  LogicAnalyzer_P9               
20000050  LogicData                      
20000038  MainCount                      
0000149f  MemManage_Handler              
0000149f  NMI_Handler                    
0000149f  PCM_IRQHandler                 
0000149f  PORT1_IRQHandler               
0000149f  PORT2_IRQHandler               
0000149f  PORT3_IRQHandler               
00000f2b  PORT4_IRQHandler               
00000f2b  PORT4_IRQHandler               
0000149f  PORT5_IRQHandler               
0000149f  PORT6_IRQHandler               
0000149f  PSS_IRQHandler                 
0000149f  PendSV_Handler                 
20000048  PeriodicTask2                  
00000257  PeriodicTask2_Init             
000002d1  PeriodicTask2_Stop             
2000004c  Port4Task                      
00000a51  Port5_Init                     
00000aa5  Port7_Init                     
00000ae5  Port7_InitToInput              
00000acf  Port7_Output_ChargeCap         
00000a7b  Port9_Init                     
2000000c  Postwait                       
20000004  Prewait                        
0000149f  RTC_C_IRQHandler               
00000b3f  Reflectance_Center             
00000c3d  Reflectance_End                
00000a41  Reflectance_Init               
00000b99  Reflectance_Position           
00000af1  Reflectance_Read               
00000c17  Reflectance_Start              
00001493  Reset_Handler                  
UNDEFED   SHT$$INIT_ARRAY$$Base          
UNDEFED   SHT$$INIT_ARRAY$$Limit         
0000149f  SVC_Handler                    
000001d3  Scope                          
00001441  StartCritical                  
00001069  SysTick_Handler                
00001069  SysTick_Handler                
000013f5  SysTick_Init                   
20000044  SystemCoreClock                
00000715  SystemCoreClockUpdate          
00000989  SystemInit                     
000002c1  T32_INT1_IRQHandler            
000002c1  T32_INT1_IRQHandler            
0000149f  T32_INT2_IRQHandler            
0000149f  T32_INTC_IRQHandler            
0000149f  TA0_0_IRQHandler               
0000149f  TA0_N_IRQHandler               
0000149f  TA1_0_IRQHandler               
0000149f  TA1_N_IRQHandler               
0000149f  TA2_0_IRQHandler               
0000149f  TA2_N_IRQHandler               
0000149f  TA3_0_IRQHandler               
0000149f  TA3_N_IRQHandler               
00000413  TExaS_Clear0                   
0000041f  TExaS_Clear1                   
0000042b  TExaS_Clear2                   
00000437  TExaS_Clear3                   
00000443  TExaS_Clear4                   
00000445  TExaS_Clear5                   
00000451  TExaS_Clear6                   
00000551  TExaS_Init                     
20000028  TExaS_ScopeErrConflict         
20000024  TExaS_ScopeErrLostData         
2000002c  TExaS_ScopeWrnReconfig         
000003b1  TExaS_Set                      
000003c9  TExaS_Set0                     
000003d5  TExaS_Set1                     
000003e1  TExaS_Set2                     
000003ed  TExaS_Set3                     
000003f9  TExaS_Set4                     
000003fb  TExaS_Set5                     
00000407  TExaS_Set6                     
000006b1  TExaS_Stop                     
00000367  TExaS_Task0                    
00000373  TExaS_Task1                    
0000037f  TExaS_Task2                    
0000038b  TExaS_Task3                    
00000397  TExaS_Task4                    
00000399  TExaS_Task5                    
000003a5  TExaS_Task6                    
0000033b  UART_InChar                    
000002e1  UART_Init                      
0000034b  UART_OutChar                   
0000149f  UsageFault_Handler             
4000480c  WDTCTL_SYM                     
0000149f  WDT_A_IRQHandler               
00001453  WaitForInterrupt               
20010000  __STACK_END                    
00000200  __STACK_SIZE                   
00001508  __TI_CINIT_Base                
00001518  __TI_CINIT_Limit               
000014f0  __TI_Handler_Table_Base        
000014fc  __TI_Handler_Table_Limit       
00001229  __TI_auto_init                 
20000018  __TI_cleanup_ptr               
00001299  __TI_decompress_lzss           
00001485  __TI_decompress_none           
2000001c  __TI_dtors_ptr                 
20000020  __TI_enable_exit_profile_output
ffffffff  __TI_pprof_out_hndl            
ffffffff  __TI_prof_data_size            
ffffffff  __TI_prof_data_start           
00000000  __TI_static_base__             
000014a1  __TI_zero_init                 
000011ad  __aeabi_memclr                 
000011ad  __aeabi_memclr4                
000011ad  __aeabi_memclr8                
00001111  __aeabi_memcpy                 
00001111  __aeabi_memcpy4                
00001111  __aeabi_memcpy8                
000011af  __aeabi_memset                 
000011af  __aeabi_memset4                
000011af  __aeabi_memset8                
ffffffff  __binit__                      
ffffffff  __c_args__                     
00001227  __mpu_init                     
2000fe00  __stack                        
00001459  _args_main                     
00001301  _c_int00                       
20000030  _lock                          
0000147f  _nop                           
00001477  _register_lock                 
00001471  _register_unlock               
000014b1  _system_post_cinit             
000014ad  _system_pre_init               
20000034  _unlock                        
00001359  abort                          
ffffffff  binit                          
20000051  bump_data                      
000013a9  copy_in                        
00000db9  delay                          
00001361  exit                           
00000000  interruptVectors               
000010a7  main                           
20000040  main_func_sp                   
00001111  memcpy                         
000011b5  memset                         
20000052  reflectance_data               


GLOBAL SYMBOLS: SORTED BY Symbol Address 

address   name                           
-------   ----                           
00000000  __TI_static_base__             
00000000  interruptVectors               
000000e5  LogicAnalyzer                  
000000ef  LogicAnalyzer_P1               
000000fd  LogicAnalyzer_P2               
0000010b  LogicAnalyzer_P2_7654          
0000011b  LogicAnalyzer_P3               
00000129  LogicAnalyzer_P4               
00000137  LogicAnalyzer_P4_765432        
00000147  LogicAnalyzer_P4_765320        
0000017f  LogicAnalyzer_P5               
0000018d  LogicAnalyzer_P6               
0000019b  LogicAnalyzer_P7               
000001a9  LogicAnalyzer_P8               
000001b7  LogicAnalyzer_P9               
000001c5  LogicAnalyzer_P10              
000001d3  Scope                          
00000200  __STACK_SIZE                   
00000257  PeriodicTask2_Init             
000002c1  T32_INT1_IRQHandler            
000002c1  T32_INT1_IRQHandler            
000002d1  PeriodicTask2_Stop             
000002e1  UART_Init                      
0000033b  UART_InChar                    
0000034b  UART_OutChar                   
00000367  TExaS_Task0                    
00000373  TExaS_Task1                    
0000037f  TExaS_Task2                    
0000038b  TExaS_Task3                    
00000397  TExaS_Task4                    
00000399  TExaS_Task5                    
000003a5  TExaS_Task6                    
000003b1  TExaS_Set                      
000003c9  TExaS_Set0                     
000003d5  TExaS_Set1                     
000003e1  TExaS_Set2                     
000003ed  TExaS_Set3                     
000003f9  TExaS_Set4                     
000003fb  TExaS_Set5                     
00000407  TExaS_Set6                     
00000413  TExaS_Clear0                   
0000041f  TExaS_Clear1                   
0000042b  TExaS_Clear2                   
00000437  TExaS_Clear3                   
00000443  TExaS_Clear4                   
00000445  TExaS_Clear5                   
00000451  TExaS_Clear6                   
00000475  ADC_Init                       
00000551  TExaS_Init                     
000006b1  TExaS_Stop                     
00000715  SystemCoreClockUpdate          
00000989  SystemInit                     
00000a41  Reflectance_Init               
00000a51  Port5_Init                     
00000a7b  Port9_Init                     
00000aa5  Port7_Init                     
00000acf  Port7_Output_ChargeCap         
00000ae5  Port7_InitToInput              
00000af1  Reflectance_Read               
00000b3f  Reflectance_Center             
00000b99  Reflectance_Position           
00000c17  Reflectance_Start              
00000c3d  Reflectance_End                
00000c9d  Clock_Init48MHz                
00000db3  Clock_GetFreq                  
00000db9  delay                          
00000dc7  Clock_Delay1us                 
00000df1  Clock_Delay1ms                 
00000e7d  Bump_Init                      
00000ef3  Bump_Read                      
00000f2b  PORT4_IRQHandler               
00000f2b  PORT4_IRQHandler               
00000f75  LaunchPad_Init                 
00000fe5  LaunchPad_Input                
00000fff  LaunchPad_LED                  
0000101d  LaunchPad_Output               
00001069  SysTick_Handler                
00001069  SysTick_Handler                
000010a7  main                           
00001111  __aeabi_memcpy                 
00001111  __aeabi_memcpy4                
00001111  __aeabi_memcpy8                
00001111  memcpy                         
000011ad  __aeabi_memclr                 
000011ad  __aeabi_memclr4                
000011ad  __aeabi_memclr8                
000011af  __aeabi_memset                 
000011af  __aeabi_memset4                
000011af  __aeabi_memset8                
000011b5  memset                         
00001227  __mpu_init                     
00001229  __TI_auto_init                 
00001299  __TI_decompress_lzss           
00001301  _c_int00                       
00001355  C$$EXIT                        
00001359  abort                          
00001361  exit                           
000013a9  copy_in                        
000013f5  SysTick_Init                   
00001435  DisableInterrupts              
0000143b  EnableInterrupts               
00001441  StartCritical                  
0000144b  EndCritical                    
00001453  WaitForInterrupt               
00001459  _args_main                     
00001471  _register_unlock               
00001477  _register_lock                 
0000147f  _nop                           
00001485  __TI_decompress_none           
00001493  Reset_Handler                  
0000149f  ADC14_IRQHandler               
0000149f  AES256_IRQHandler              
0000149f  BusFault_Handler               
0000149f  COMP_E0_IRQHandler             
0000149f  COMP_E1_IRQHandler             
0000149f  CS_IRQHandler                  
0000149f  DMA_ERR_IRQHandler             
0000149f  DMA_INT0_IRQHandler            
0000149f  DMA_INT1_IRQHandler            
0000149f  DMA_INT2_IRQHandler            
0000149f  DMA_INT3_IRQHandler            
0000149f  DebugMon_Handler               
0000149f  Default_Handler                
0000149f  EUSCIA0_IRQHandler             
0000149f  EUSCIA1_IRQHandler             
0000149f  EUSCIA2_IRQHandler             
0000149f  EUSCIA3_IRQHandler             
0000149f  EUSCIB0_IRQHandler             
0000149f  EUSCIB1_IRQHandler             
0000149f  EUSCIB2_IRQHandler             
0000149f  EUSCIB3_IRQHandler             
0000149f  FLCTL_IRQHandler               
0000149f  FPU_IRQHandler                 
0000149f  HardFault_Handler              
0000149f  MemManage_Handler              
0000149f  NMI_Handler                    
0000149f  PCM_IRQHandler                 
0000149f  PORT1_IRQHandler               
0000149f  PORT2_IRQHandler               
0000149f  PORT3_IRQHandler               
0000149f  PORT5_IRQHandler               
0000149f  PORT6_IRQHandler               
0000149f  PSS_IRQHandler                 
0000149f  PendSV_Handler                 
0000149f  RTC_C_IRQHandler               
0000149f  SVC_Handler                    
0000149f  T32_INT2_IRQHandler            
0000149f  T32_INTC_IRQHandler            
0000149f  TA0_0_IRQHandler               
0000149f  TA0_N_IRQHandler               
0000149f  TA1_0_IRQHandler               
0000149f  TA1_N_IRQHandler               
0000149f  TA2_0_IRQHandler               
0000149f  TA2_N_IRQHandler               
0000149f  TA3_0_IRQHandler               
0000149f  TA3_N_IRQHandler               
0000149f  UsageFault_Handler             
0000149f  WDT_A_IRQHandler               
000014a1  __TI_zero_init                 
000014ad  _system_pre_init               
000014b1  _system_post_cinit             
000014f0  __TI_Handler_Table_Base        
000014fc  __TI_Handler_Table_Limit       
00001508  __TI_CINIT_Base                
00001518  __TI_CINIT_Limit               
20000000  ClockFrequency                 
20000004  Prewait                        
20000008  CPMwait                        
2000000c  Postwait                       
20000010  IFlags                         
20000014  Crystalstable                  
20000018  __TI_cleanup_ptr               
2000001c  __TI_dtors_ptr                 
20000020  __TI_enable_exit_profile_output
20000024  TExaS_ScopeErrLostData         
20000028  TExaS_ScopeErrConflict         
2000002c  TExaS_ScopeWrnReconfig         
20000030  _lock                          
20000034  _unlock                        
20000038  MainCount                      
20000040  main_func_sp                   
20000044  SystemCoreClock                
20000048  PeriodicTask2                  
2000004c  Port4Task                      
20000050  LogicData                      
20000051  bump_data                      
20000052  reflectance_data               
2000fe00  __stack                        
20010000  __STACK_END                    
4000480c  WDTCTL_SYM                     
ffffffff  __TI_pprof_out_hndl            
ffffffff  __TI_prof_data_size            
ffffffff  __TI_prof_data_start           
ffffffff  __binit__                      
ffffffff  __c_args__                     
ffffffff  binit                          
UNDEFED   SHT$$INIT_ARRAY$$Base          
UNDEFED   SHT$$INIT_ARRAY$$Limit         

[198 symbols]
