******************************************************************************
                  TI ARM Linker PC v16.9.6                     
******************************************************************************
>> Linked Fri Nov 10 14:00:47 2023

OUTPUT FILE NAME:   <Lab5_UARTComms.out>
ENTRY POINT SYMBOL: "_c_int00"  address: 00003d71


MEMORY CONFIGURATION

         name            origin    length      used     unused   attr    fill
----------------------  --------  ---------  --------  --------  ----  --------
  MAIN                  00000000   00040000  00004114  0003beec  R  X
  INFO                  00200000   00004000  00000000  00004000  R  X
  SRAM_CODE             01000000   00010000  00003d52  0000c2ae  RW X
  SRAM_DATA             20000000   00010000  00003d52  0000c2ae  RW  


SEGMENT ALLOCATION MAP

run origin  load origin   length   init length attrs members
----------  ----------- ---------- ----------- ----- -------
00000000    00000000    00004118   00004118    r-x
  00000000    00000000    000000e4   000000e4    r-- .intvecs
  000000e4    000000e4    00003f68   00003f68    r-x .text
  0000404c    0000404c    00000020   00000020    r-- .const
  00004070    00004070    000000a8   000000a8    r-- .cinit
20000000    20000000    00003b54   00000000    rw-
  20000000    20000000    00003526   00000000    rw- .bss
  20003528    20003528    00000400   00000000    rw- .sysmem
  20003928    20003928    0000022c   00000000    rw- .data
2000fe00    2000fe00    00000200   00000000    rw-
  2000fe00    2000fe00    00000200   00000000    rw- .stack


SECTION ALLOCATION MAP

 output                                  attributes/
section   page    origin      length       input sections
--------  ----  ----------  ----------   ----------------
.intvecs   0    00000000    000000e4     
                  00000000    000000e4     startup_msp432p401r_ccs.obj (.intvecs:retain)

.binit     0    00000000    00000000     

.text      0    000000e4    00003f68     
                  000000e4    00000e20     Lab5_UARTmain.obj (.text)
                  00000f04    000006bc     UART0.obj (.text)
                  000015c0    000005ba     EUSCIA0.obj (.text)
                  00001b7a    00000002     rtsv7M4_T_le_v4SPD16_eabi.lib : mpu_init.obj (.text)
                  00001b7c    000003d0                                   : memory.obj (.text)
                  00001f4c    0000032c     system_msp432p401r.obj (.text)
                  00002278    0000025c     Reflectance.obj (.text)
                  000024d4    00000248     LPF.obj (.text)
                  0000271c    00000210     FIFO0.obj (.text)
                  0000292c    000001e0     Clock.obj (.text)
                  00002b0c    000001c4     rtsv7M4_T_le_v4SPD16_eabi.lib : fopen.obj (.text)
                  00002cd0    000001b0     Motor.obj (.text)
                  00002e80    00000164     ADC14.obj (.text)
                  00002fe4    00000100     TA3InputCapture.obj (.text)
                  000030e4    000000f4     LaunchPad.obj (.text)
                  000031d8    000000f0     BumpInt.obj (.text)
                  000032c8    000000ec     PWM.obj (.text)
                  000033b4    000000dc     rtsv7M4_T_le_v4SPD16_eabi.lib : setvbuf.obj (.text)
                  00003490    000000c8                                   : fflush.obj (.text)
                  00003558    000000bc                                   : open.obj (.text)
                  00003614    000000b8                                   : add_device.obj (.text)
                  000036cc    000000a8     TimerA1.obj (.text)
                  00003774    0000009c     rtsv7M4_T_le_v4SPD16_eabi.lib : memcpy_t2.obj (.text)
                  00003810    00000098                                   : fclose.obj (.text)
                  000038a8    0000007a                                   : memset_t2.obj (.text)
                  00003922    00000002                                   : startup.obj (.text)
                  00003924    00000070                                   : autoinit.obj (.text)
                  00003994    00000070                                   : getdevice.obj (.text)
                  00003a04    00000068                                   : copy_decompress_lzss.obj (.text:decompress:lzss)
                  00003a6c    00000068                                   : hostlseek.obj (.text)
                  00003ad4    00000068                                   : hostrename.obj (.text)
                  00003b3c    00000068                                   : trgmsg.obj (.text)
                  00003ba4    00000060     IRDistance.obj (.text)
                  00003c04    00000060     rtsv7M4_T_le_v4SPD16_eabi.lib : hostopen.obj (.text)
                  00003c64    0000005c                                   : close.obj (.text)
                  00003cc0    00000058                                   : hostread.obj (.text)
                  00003d18    00000058                                   : hostwrite.obj (.text)
                  00003d70    00000054                                   : boot.obj (.text)
                  00003dc4    00000054                                   : exit.obj (.text)
                  00003e18    0000004c                                   : cpy_tbl.obj (.text)
                  00003e64    00000044                                   : hostclose.obj (.text)
                  00003ea8    00000044                                   : hostunlink.obj (.text)
                  00003eec    00000036                                   : strncpy.obj (.text)
                  00003f22    00000002     --HOLE-- [fill = 0]
                  00003f24    0000002c                                   : unlink.obj (.text)
                  00003f50    00000028                                   : write.obj (.text)
                  00003f78    00000024     CortexM.obj (.text)
                  00003f9c    00000018     rtsv7M4_T_le_v4SPD16_eabi.lib : args_main.obj (.text)
                  00003fb4    00000018                                   : strcmp.obj (.text)
                  00003fcc    00000016                                   : strchr.obj (.text)
                  00003fe2    00000002     --HOLE-- [fill = 0]
                  00003fe4    00000014                                   : _lock.obj (.text)
                  00003ff8    00000014                                   : strcpy.obj (.text)
                  0000400c    00000014                                   : strlen.obj (.text)
                  00004020    0000000e                                   : copy_decompress_none.obj (.text:decompress:none)
                  0000402e    0000000e     startup_msp432p401r_ccs.obj (.text)
                  0000403c    0000000c     rtsv7M4_T_le_v4SPD16_eabi.lib : copy_zero_init.obj (.text:decompress:ZI)
                  00004048    00000004                                   : pre_init.obj (.text)

.const     0    0000404c    00000020     
                  0000404c    00000020     Reflectance.obj (.const:$P$T0$1)

.cinit     0    00004070    000000a8     
                  00004070    00000080     (.cinit..data.load) [load image, compression = lzss]
                  000040f0    0000000c     (__TI_handler_table)
                  000040fc    00000004     --HOLE-- [fill = 0]
                  00004100    00000008     (.cinit..bss.load) [load image, compression = zero_init]
                  00004108    00000010     (__TI_cinit_table)

.init_array 
*          0    00000000    00000000     UNINITIALIZED

.bss       0    20000000    00003526     UNINITIALIZED
                  20000000    00001000     (.common:x)
                  20001000    00001000     (.common:x2)
                  20002000    00001000     (.common:x3)
                  20003000    00000200     (.common:TxHistogram)
                  20003200    00000120     rtsv7M4_T_le_v4SPD16_eabi.lib : trgmsg.obj (.bss:_CIOBUF_)
                  20003320    000000a0     (.common:__TI_tmpnams)
                  200033c0    00000082     (.common:RxFifo0)
                  20003442    00000082     (.common:TxFifo0)
                  200034c4    00000008     (.common:Messageb)
                  200034cc    00000008     (.common:Messagec)
                  200034d4    00000008     (.common:parmbuf)
                  200034dc    00000004     (.common:ADCflag)
                  200034e0    00000004     (.common:I1)
                  200034e4    00000004     (.common:I2)
                  200034e8    00000004     (.common:I3)
                  200034ec    00000004     (.common:LPFSum)
                  200034f0    00000004     (.common:LPFSum2)
                  200034f4    00000004     (.common:LPFSum3)
                  200034f8    00000004     (.common:Messageindexb)
                  200034fc    00000004     (.common:Messageindexc)
                  20003500    00000004     (.common:Port4Task)
                  20003504    00000004     (.common:Size)
                  20003508    00000004     (.common:Size2)
                  2000350c    00000004     (.common:Size3)
                  20003510    00000004     (.common:TimerA1Task)
                  20003514    00000004     (.common:nc)
                  20003518    00000004     (.common:nl)
                  2000351c    00000004     (.common:nr)
                  20003520    00000002     (.common:Period0)
                  20003522    00000002     (.common:Period2)
                  20003524    00000001     (.common:CollisionData)
                  20003525    00000001     (.common:CollisionFlag)

.sysmem    0    20003528    00000400     UNINITIALIZED
                  20003528    00000008     rtsv7M4_T_le_v4SPD16_eabi.lib : memory.obj (.sysmem)
                  20003530    000003f8     --HOLE--

.data      0    20003928    0000022c     UNINITIALIZED
                  20003928    000000f0     rtsv7M4_T_le_v4SPD16_eabi.lib : defs.obj (.data:_ftable)
                  20003a18    00000078                                   : write.obj (.data:_device)
                  20003a90    00000050                                   : write.obj (.data:_stream)
                  20003ae0    00000018     Clock.obj (.data)
                  20003af8    00000010     Lab5_UARTmain.obj (.data)
                  20003b08    00000010     rtsv7M4_T_le_v4SPD16_eabi.lib : defs.obj (.data)
                  20003b18    0000000c                                   : exit.obj (.data:$O1$$)
                  20003b24    0000000c                                   : memory.obj (.data:$O1$$)
                  20003b30    00000008                                   : _lock.obj (.data:$O1$$)
                  20003b38    00000008     TA3InputCapture.obj (.data)
                  20003b40    00000004     rtsv7M4_T_le_v4SPD16_eabi.lib : add_device.obj (.data)
                  20003b44    00000004                                   : fopen.obj (.data)
                  20003b48    00000004                                   : open.obj (.data)
                  20003b4c    00000004                                   : stkdepth_vars.obj (.data)
                  20003b50    00000004     system_msp432p401r.obj (.data)

.stack     0    2000fe00    00000200     UNINITIALIZED
                  2000fe00    00000200     --HOLE--

MODULE SUMMARY

       Module                        code    ro data   rw data
       ------                        ----    -------   -------
    .\
       LPF.obj                       584     0         24648  
       Lab5_UARTmain.obj             3616    0         76     
       FIFO0.obj                     528     0         1544   
       UART0.obj                     1724    0         24     
       EUSCIA0.obj                   1466    0         24     
       system_msp432p401r.obj        812     0         8      
       Reflectance.obj               604     32        0      
       Clock.obj                     480     0         48     
       Motor.obj                     432     0         0      
       ADC14.obj                     356     0         0      
       TA3InputCapture.obj           256     0         16     
       BumpInt.obj                   240     0         8      
       LaunchPad.obj                 244     0         0      
       startup_msp432p401r_ccs.obj   14      228       0      
       PWM.obj                       236     0         0      
       TimerA1.obj                   168     0         8      
       IRDistance.obj                96      0         0      
       CortexM.obj                   36      0         0      
    +--+-----------------------------+-------+---------+---------+
       Total:                        11892   260       26404  
                                                              
    C:\ti\ccsv7\tools\compiler\ti-cgt-arm_16.9.6.LTS\lib\rtsv7M4_T_le_v4SPD16_eabi.lib
       memory.obj                    976     0         24     
       defs.obj                      0       0         832    
       trgmsg.obj                    104     0         576    
       fopen.obj                     452     0         8      
       write.obj                     40      0         400    
       setvbuf.obj                   220     0         0      
       fflush.obj                    200     0         0      
       open.obj                      188     0         8      
       add_device.obj                184     0         8      
       memcpy_t2.obj                 156     0         0      
       fclose.obj                    152     0         0      
       memset_t2.obj                 122     0         0      
       autoinit.obj                  112     0         0      
       getdevice.obj                 112     0         0      
       hostopen.obj                  96      0         16     
       exit.obj                      84      0         24     
       copy_decompress_lzss.obj      104     0         0      
       hostlseek.obj                 104     0         0      
       hostrename.obj                104     0         0      
       close.obj                     92      0         0      
       hostread.obj                  88      0         0      
       hostwrite.obj                 88      0         0      
       boot.obj                      84      0         0      
       cpy_tbl.obj                   76      0         0      
       hostclose.obj                 68      0         0      
       hostunlink.obj                68      0         0      
       strncpy.obj                   54      0         0      
       unlink.obj                    44      0         0      
       _lock.obj                     20      0         16     
       args_main.obj                 24      0         0      
       strcmp.obj                    24      0         0      
       strchr.obj                    22      0         0      
       strcpy.obj                    20      0         0      
       strlen.obj                    20      0         0      
       copy_decompress_none.obj      14      0         0      
       copy_zero_init.obj            12      0         0      
       stkdepth_vars.obj             0       0         8      
       pre_init.obj                  4       0         0      
       mpu_init.obj                  2       0         0      
       startup.obj                   2       0         0      
    +--+-----------------------------+-------+---------+---------+
       Total:                        4336    0         1920   
                                                              
       Heap:                         0       0         2048   
       Stack:                        0       0         1024   
       Linker Generated:             0       164       0      
    +--+-----------------------------+-------+---------+---------+
       Grand Total:                  16228   424       31396  


LINKER GENERATED COPY TABLES

__TI_cinit_table @ 00004108 records: 2, size/record: 8, table size: 16
	.data: load addr=00004070, load size=00000080 bytes, run addr=20003928, run size=0000022c bytes, compression=lzss
	.bss: load addr=00004100, load size=00000008 bytes, run addr=20000000, run size=00003526 bytes, compression=zero_init


LINKER GENERATED HANDLER TABLE

__TI_handler_table @ 000040f0 records: 3, size/record: 4, table size: 12
	index: 0, handler: __TI_decompress_lzss
	index: 1, handler: __TI_decompress_none
	index: 2, handler: __TI_zero_init


GLOBAL SYMBOLS: SORTED ALPHABETICALLY BY Name 

address   name                           
-------   ----                           
00002e81  ADC0_InitSWTriggerCh12         
00002ef1  ADC0_InitSWTriggerCh17_12_16   
0000403b  ADC14_IRQHandler               
00002ed1  ADC_In12                       
00002f61  ADC_In17_12_16                 
200034dc  ADCflag                        
0000403b  AES256_IRQHandler              
000031d9  BumpInt_Init                   
00003253  Bump_Read                      
0000403b  BusFault_Handler               
00003dc5  C$$EXIT                        
00003b6b  C$$IO$$                        
0000403b  COMP_E0_IRQHandler             
0000403b  COMP_E1_IRQHandler             
20003ae8  CPMwait                        
0000403b  CS_IRQHandler                  
20003b38  CaptureTask0                   
20003b3c  CaptureTask2                   
00003bc3  CenterConvert                  
20003ae0  ClockFrequency                 
00002a81  Clock_Delay1ms                 
00002a57  Clock_Delay1us                 
00002a43  Clock_GetFreq                  
0000292d  Clock_Init48MHz                
20003524  CollisionData                  
20003525  CollisionFlag                  
0000019d  CollisionHandler               
000001c1  ConvertCollisionData           
20003af4  Crystalstable                  
0000403b  DMA_ERR_IRQHandler             
0000403b  DMA_INT0_IRQHandler            
0000403b  DMA_INT1_IRQHandler            
0000403b  DMA_INT2_IRQHandler            
0000403b  DMA_INT3_IRQHandler            
0000403b  DebugMon_Handler               
0000403b  Default_Handler                
00003f79  DisableInterrupts              
20003afc  Done0                          
20003b04  Done2                          
00001653  EUSCIA0_IRQHandler             
00001653  EUSCIA0_IRQHandler             
00001627  EUSCIA0_InChar                 
00001af1  EUSCIA0_InString               
000016a7  EUSCIA0_InUDec                 
000019a5  EUSCIA0_InUHex                 
000015c1  EUSCIA0_Init                   
00001639  EUSCIA0_OutChar                
00001689  EUSCIA0_OutString              
0000172b  EUSCIA0_OutUDec                
000018bd  EUSCIA0_OutUDec4               
000018f5  EUSCIA0_OutUDec5               
00001931  EUSCIA0_OutUFix1               
00001959  EUSCIA0_OutUFix2               
00001a6d  EUSCIA0_OutUHex                
00001ad3  EUSCIA0_OutUHex2               
00001ab1  EUSCIA0outnibble               
0000403b  EUSCIA1_IRQHandler             
0000403b  EUSCIA2_IRQHandler             
0000403b  EUSCIA3_IRQHandler             
0000403b  EUSCIB0_IRQHandler             
0000403b  EUSCIB1_IRQHandler             
0000403b  EUSCIB2_IRQHandler             
0000403b  EUSCIB3_IRQHandler             
00003f7f  EnableInterrupts               
00003f8f  EndCritical                    
0000403b  FLCTL_IRQHandler               
0000403b  FPU_IRQHandler                 
20003af8  First0                         
20003b00  First2                         
00003e65  HOSTclose                      
00003a6d  HOSTlseek                      
00003c05  HOSTopen                       
00003cc1  HOSTread                       
00003ad5  HOSTrename                     
00003ea9  HOSTunlink                     
00003d19  HOSTwrite                      
0000403b  HardFault_Handler              
200034e0  I1                             
200034e4  I2                             
200034e8  I3                             
20003af0  IFlags                         
00000151  IRSensor_Init                  
200034ec  LPFSum                         
200034f0  LPFSum2                        
200034f4  LPFSum3                        
00002533  LPF_Calc                       
000025e5  LPF_Calc2                      
00002697  LPF_Calc3                      
000024d5  LPF_Init                       
00002587  LPF_Init2                      
00002639  LPF_Init3                      
000030e5  LaunchPad_Init                 
00003155  LaunchPad_Input                
0000316f  LaunchPad_LED                  
0000318d  LaunchPad_Output               
00003ba5  LeftConvert                    
0000403b  MemManage_Handler              
200034c4  Messageb                       
200034cc  Messagec                       
200034f8  Messageindexb                  
200034fc  Messageindexc                  
00002e21  Motor_Backward                 
00002d7d  Motor_Forward                  
00002cd1  Motor_Init                     
00002de7  Motor_Left                     
00002dad  Motor_Right                    
00002d59  Motor_Stop                     
0000403b  NMI_Handler                    
0000403b  PCM_IRQHandler                 
0000403b  PORT1_IRQHandler               
0000403b  PORT2_IRQHandler               
0000403b  PORT3_IRQHandler               
0000328b  PORT4_IRQHandler               
0000328b  PORT4_IRQHandler               
0000403b  PORT5_IRQHandler               
0000403b  PORT6_IRQHandler               
0000403b  PSS_IRQHandler                 
0000334d  PWM_Duty3                      
0000336d  PWM_Duty4                      
000032c9  PWM_Init34                     
0000403b  PendSV_Handler                 
20003520  Period0                        
20003522  Period2                        
000001d5  PeriodMeasure0                 
00000203  PeriodMeasure2                 
20003500  Port4Task                      
00002289  Port5_Init                     
000022dd  Port7_Init                     
0000231d  Port7_InitToInput              
00002307  Port7_Output_ChargeCap         
000022b3  Port9_Init                     
20003aec  Postwait                       
20003ae4  Prewait                        
000000e5  RSLK_Reset                     
0000403b  RTC_C_IRQHandler               
00002377  Reflectance_Center             
00002475  Reflectance_End                
00002279  Reflectance_Init               
000023d1  Reflectance_Position           
00002329  Reflectance_Read               
0000244f  Reflectance_Start              
0000402f  Reset_Handler                  
00003be1  RightConvert                   
200033c0  RxFifo0                        
00002897  RxFifo0_Get                    
0000283d  RxFifo0_Init                   
00002849  RxFifo0_Put                    
000028d5  RxFifo0_Size                   
UNDEFED   SHT$$INIT_ARRAY$$Base          
UNDEFED   SHT$$INIT_ARRAY$$Limit         
0000403b  SVC_Handler                    
00000101  SensorRead_ISR                 
20003504  Size                           
20003508  Size2                          
2000350c  Size3                          
00003f85  StartCritical                  
0000403b  SysTick_Handler                
20003b50  SystemCoreClock                
00001f4d  SystemCoreClockUpdate          
000021c1  SystemInit                     
0000403b  T32_INT1_IRQHandler            
0000403b  T32_INT2_IRQHandler            
0000403b  T32_INTC_IRQHandler            
0000403b  TA0_0_IRQHandler               
0000403b  TA0_N_IRQHandler               
0000373f  TA1_0_IRQHandler               
0000373f  TA1_0_IRQHandler               
0000403b  TA1_N_IRQHandler               
0000403b  TA2_0_IRQHandler               
0000403b  TA2_N_IRQHandler               
00003077  TA3_0_IRQHandler               
00003077  TA3_0_IRQHandler               
00003091  TA3_N_IRQHandler               
00003091  TA3_N_IRQHandler               
00000231  TimedPause                     
20003510  TimerA1Task                    
000036cd  TimerA1_Init                   
0000372b  TimerA1_Stop                   
00002ff1  TimerA3Capture_Init            
20003442  TxFifo0                        
000027a9  TxFifo0_Get                    
0000271d  TxFifo0_Init                   
0000274f  TxFifo0_Put                    
000027e7  TxFifo0_Size                   
20003000  TxHistogram                    
00000f4b  UART0_InChar                   
000013d5  UART0_InString                 
00000f95  UART0_InUDec                   
00001289  UART0_InUHex                   
00000f05  UART0_Init                     
00001535  UART0_Initprintf               
00000f5b  UART0_OutChar                  
00000f77  UART0_OutString                
00001019  UART0_OutUDec                  
00001185  UART0_OutUDec4                 
000011d9  UART0_OutUDec5                 
00001215  UART0_OutUFix1                 
0000123d  UART0_OutUFix2                 
0000134d  UART0_OutUHex                  
000013b9  UART0_OutUHex2                 
0000403b  UsageFault_Handler             
4000480c  WDTCTL_SYM                     
0000403b  WDT_A_IRQHandler               
00003f97  WaitForInterrupt               
20003200  __CIOBUF_                      
20010000  __STACK_END                    
00000200  __STACK_SIZE                   
00000400  __SYSMEM_SIZE                  
00004108  __TI_CINIT_Base                
00004118  __TI_CINIT_Limit               
000040f0  __TI_Handler_Table_Base        
000040fc  __TI_Handler_Table_Limit       
00003925  __TI_auto_init                 
00002bd5  __TI_cleanup                   
20003b18  __TI_cleanup_ptr               
00003811  __TI_closefile                 
00003a05  __TI_decompress_lzss           
00004021  __TI_decompress_none           
00003491  __TI_doflush                   
20003b1c  __TI_dtors_ptr                 
20003b20  __TI_enable_exit_profile_output
20003b08  __TI_ft_end                    
ffffffff  __TI_pprof_out_hndl            
ffffffff  __TI_prof_data_size            
ffffffff  __TI_prof_data_start           
00003b6f  __TI_readmsg                   
00000000  __TI_static_base__             
20003320  __TI_tmpnams                   
00003b3d  __TI_writemsg                  
0000403d  __TI_zero_init                 
000038a9  __aeabi_memclr                 
000038a9  __aeabi_memclr4                
000038a9  __aeabi_memclr8                
00003775  __aeabi_memcpy                 
00003775  __aeabi_memcpy4                
00003775  __aeabi_memcpy8                
000038ab  __aeabi_memset                 
000038ab  __aeabi_memset4                
000038ab  __aeabi_memset8                
20003b14  __aeabi_stderr                 
20003b0c  __aeabi_stdin                  
20003b10  __aeabi_stdout                 
ffffffff  __binit__                      
ffffffff  __c_args__                     
00001b7b  __mpu_init                     
2000fe00  __stack                        
00003f9d  _args_main                     
00003d71  _c_int00                       
20003a18  _device                        
20003928  _ftable                        
20003b30  _lock                          
00003ff3  _nop                           
00003feb  _register_lock                 
00003fe5  _register_unlock               
20003a90  _stream                        
20003528  _sys_memory                    
00003923  _system_post_cinit             
00004049  _system_pre_init               
20003b34  _unlock                        
00003dc9  abort                          
00003615  add_device                     
ffffffff  binit                          
00001f1d  calloc                         
00003c65  close                          
00003e19  copy_in                        
00002a49  delay                          
00003dd1  exit                           
00003877  fclose                         
0000146f  ferror                         
000034dd  fflush                         
0000144f  fgetc                          
00003995  finddevice                     
00002c2b  fopen                          
00001c67  free                           
00002c01  freopen                        
000039bf  getdevice                      
00000000  interruptVectors               
0000028d  main                           
20003b4c  main_func_sp                   
00001bfd  malloc                         
00001e31  memalign                       
00003775  memcpy                         
000038b1  memset                         
00001b7d  minit                          
20003514  nc                             
20003518  nl                             
2000351c  nr                             
00003559  open                           
00001391  outnibble                      
200034d4  parmbuf                        
00001d27  realloc                        
00003f25  remove                         
000033b5  setvbuf                        
00003fcd  strchr                         
00003fb5  strcmp                         
00003ff9  strcpy                         
0000400d  strlen                         
00003eed  strncpy                        
00002fe5  ta3dummy                       
0000148d  uart_close                     
0000150b  uart_lseek                     
0000147d  uart_open                      
0000149f  uart_read                      
00001527  uart_rename                    
0000151b  uart_unlink                    
000014c9  uart_write                     
00003f25  unlink                         
00003f51  write                          
20000000  x                              
20001000  x2                             
20002000  x3                             


GLOBAL SYMBOLS: SORTED BY Symbol Address 

address   name                           
-------   ----                           
00000000  __TI_static_base__             
00000000  interruptVectors               
000000e5  RSLK_Reset                     
00000101  SensorRead_ISR                 
00000151  IRSensor_Init                  
0000019d  CollisionHandler               
000001c1  ConvertCollisionData           
000001d5  PeriodMeasure0                 
00000200  __STACK_SIZE                   
00000203  PeriodMeasure2                 
00000231  TimedPause                     
0000028d  main                           
00000400  __SYSMEM_SIZE                  
00000f05  UART0_Init                     
00000f4b  UART0_InChar                   
00000f5b  UART0_OutChar                  
00000f77  UART0_OutString                
00000f95  UART0_InUDec                   
00001019  UART0_OutUDec                  
00001185  UART0_OutUDec4                 
000011d9  UART0_OutUDec5                 
00001215  UART0_OutUFix1                 
0000123d  UART0_OutUFix2                 
00001289  UART0_InUHex                   
0000134d  UART0_OutUHex                  
00001391  outnibble                      
000013b9  UART0_OutUHex2                 
000013d5  UART0_InString                 
0000144f  fgetc                          
0000146f  ferror                         
0000147d  uart_open                      
0000148d  uart_close                     
0000149f  uart_read                      
000014c9  uart_write                     
0000150b  uart_lseek                     
0000151b  uart_unlink                    
00001527  uart_rename                    
00001535  UART0_Initprintf               
000015c1  EUSCIA0_Init                   
00001627  EUSCIA0_InChar                 
00001639  EUSCIA0_OutChar                
00001653  EUSCIA0_IRQHandler             
00001653  EUSCIA0_IRQHandler             
00001689  EUSCIA0_OutString              
000016a7  EUSCIA0_InUDec                 
0000172b  EUSCIA0_OutUDec                
000018bd  EUSCIA0_OutUDec4               
000018f5  EUSCIA0_OutUDec5               
00001931  EUSCIA0_OutUFix1               
00001959  EUSCIA0_OutUFix2               
000019a5  EUSCIA0_InUHex                 
00001a6d  EUSCIA0_OutUHex                
00001ab1  EUSCIA0outnibble               
00001ad3  EUSCIA0_OutUHex2               
00001af1  EUSCIA0_InString               
00001b7b  __mpu_init                     
00001b7d  minit                          
00001bfd  malloc                         
00001c67  free                           
00001d27  realloc                        
00001e31  memalign                       
00001f1d  calloc                         
00001f4d  SystemCoreClockUpdate          
000021c1  SystemInit                     
00002279  Reflectance_Init               
00002289  Port5_Init                     
000022b3  Port9_Init                     
000022dd  Port7_Init                     
00002307  Port7_Output_ChargeCap         
0000231d  Port7_InitToInput              
00002329  Reflectance_Read               
00002377  Reflectance_Center             
000023d1  Reflectance_Position           
0000244f  Reflectance_Start              
00002475  Reflectance_End                
000024d5  LPF_Init                       
00002533  LPF_Calc                       
00002587  LPF_Init2                      
000025e5  LPF_Calc2                      
00002639  LPF_Init3                      
00002697  LPF_Calc3                      
0000271d  TxFifo0_Init                   
0000274f  TxFifo0_Put                    
000027a9  TxFifo0_Get                    
000027e7  TxFifo0_Size                   
0000283d  RxFifo0_Init                   
00002849  RxFifo0_Put                    
00002897  RxFifo0_Get                    
000028d5  RxFifo0_Size                   
0000292d  Clock_Init48MHz                
00002a43  Clock_GetFreq                  
00002a49  delay                          
00002a57  Clock_Delay1us                 
00002a81  Clock_Delay1ms                 
00002bd5  __TI_cleanup                   
00002c01  freopen                        
00002c2b  fopen                          
00002cd1  Motor_Init                     
00002d59  Motor_Stop                     
00002d7d  Motor_Forward                  
00002dad  Motor_Right                    
00002de7  Motor_Left                     
00002e21  Motor_Backward                 
00002e81  ADC0_InitSWTriggerCh12         
00002ed1  ADC_In12                       
00002ef1  ADC0_InitSWTriggerCh17_12_16   
00002f61  ADC_In17_12_16                 
00002fe5  ta3dummy                       
00002ff1  TimerA3Capture_Init            
00003077  TA3_0_IRQHandler               
00003077  TA3_0_IRQHandler               
00003091  TA3_N_IRQHandler               
00003091  TA3_N_IRQHandler               
000030e5  LaunchPad_Init                 
00003155  LaunchPad_Input                
0000316f  LaunchPad_LED                  
0000318d  LaunchPad_Output               
000031d9  BumpInt_Init                   
00003253  Bump_Read                      
0000328b  PORT4_IRQHandler               
0000328b  PORT4_IRQHandler               
000032c9  PWM_Init34                     
0000334d  PWM_Duty3                      
0000336d  PWM_Duty4                      
000033b5  setvbuf                        
00003491  __TI_doflush                   
000034dd  fflush                         
00003559  open                           
00003615  add_device                     
000036cd  TimerA1_Init                   
0000372b  TimerA1_Stop                   
0000373f  TA1_0_IRQHandler               
0000373f  TA1_0_IRQHandler               
00003775  __aeabi_memcpy                 
00003775  __aeabi_memcpy4                
00003775  __aeabi_memcpy8                
00003775  memcpy                         
00003811  __TI_closefile                 
00003877  fclose                         
000038a9  __aeabi_memclr                 
000038a9  __aeabi_memclr4                
000038a9  __aeabi_memclr8                
000038ab  __aeabi_memset                 
000038ab  __aeabi_memset4                
000038ab  __aeabi_memset8                
000038b1  memset                         
00003923  _system_post_cinit             
00003925  __TI_auto_init                 
00003995  finddevice                     
000039bf  getdevice                      
00003a05  __TI_decompress_lzss           
00003a6d  HOSTlseek                      
00003ad5  HOSTrename                     
00003b3d  __TI_writemsg                  
00003b6b  C$$IO$$                        
00003b6f  __TI_readmsg                   
00003ba5  LeftConvert                    
00003bc3  CenterConvert                  
00003be1  RightConvert                   
00003c05  HOSTopen                       
00003c65  close                          
00003cc1  HOSTread                       
00003d19  HOSTwrite                      
00003d71  _c_int00                       
00003dc5  C$$EXIT                        
00003dc9  abort                          
00003dd1  exit                           
00003e19  copy_in                        
00003e65  HOSTclose                      
00003ea9  HOSTunlink                     
00003eed  strncpy                        
00003f25  remove                         
00003f25  unlink                         
00003f51  write                          
00003f79  DisableInterrupts              
00003f7f  EnableInterrupts               
00003f85  StartCritical                  
00003f8f  EndCritical                    
00003f97  WaitForInterrupt               
00003f9d  _args_main                     
00003fb5  strcmp                         
00003fcd  strchr                         
00003fe5  _register_unlock               
00003feb  _register_lock                 
00003ff3  _nop                           
00003ff9  strcpy                         
0000400d  strlen                         
00004021  __TI_decompress_none           
0000402f  Reset_Handler                  
0000403b  ADC14_IRQHandler               
0000403b  AES256_IRQHandler              
0000403b  BusFault_Handler               
0000403b  COMP_E0_IRQHandler             
0000403b  COMP_E1_IRQHandler             
0000403b  CS_IRQHandler                  
0000403b  DMA_ERR_IRQHandler             
0000403b  DMA_INT0_IRQHandler            
0000403b  DMA_INT1_IRQHandler            
0000403b  DMA_INT2_IRQHandler            
0000403b  DMA_INT3_IRQHandler            
0000403b  DebugMon_Handler               
0000403b  Default_Handler                
0000403b  EUSCIA1_IRQHandler             
0000403b  EUSCIA2_IRQHandler             
0000403b  EUSCIA3_IRQHandler             
0000403b  EUSCIB0_IRQHandler             
0000403b  EUSCIB1_IRQHandler             
0000403b  EUSCIB2_IRQHandler             
0000403b  EUSCIB3_IRQHandler             
0000403b  FLCTL_IRQHandler               
0000403b  FPU_IRQHandler                 
0000403b  HardFault_Handler              
0000403b  MemManage_Handler              
0000403b  NMI_Handler                    
0000403b  PCM_IRQHandler                 
0000403b  PORT1_IRQHandler               
0000403b  PORT2_IRQHandler               
0000403b  PORT3_IRQHandler               
0000403b  PORT5_IRQHandler               
0000403b  PORT6_IRQHandler               
0000403b  PSS_IRQHandler                 
0000403b  PendSV_Handler                 
0000403b  RTC_C_IRQHandler               
0000403b  SVC_Handler                    
0000403b  SysTick_Handler                
0000403b  T32_INT1_IRQHandler            
0000403b  T32_INT2_IRQHandler            
0000403b  T32_INTC_IRQHandler            
0000403b  TA0_0_IRQHandler               
0000403b  TA0_N_IRQHandler               
0000403b  TA1_N_IRQHandler               
0000403b  TA2_0_IRQHandler               
0000403b  TA2_N_IRQHandler               
0000403b  UsageFault_Handler             
0000403b  WDT_A_IRQHandler               
0000403d  __TI_zero_init                 
00004049  _system_pre_init               
000040f0  __TI_Handler_Table_Base        
000040fc  __TI_Handler_Table_Limit       
00004108  __TI_CINIT_Base                
00004118  __TI_CINIT_Limit               
20000000  x                              
20001000  x2                             
20002000  x3                             
20003000  TxHistogram                    
20003200  __CIOBUF_                      
20003320  __TI_tmpnams                   
200033c0  RxFifo0                        
20003442  TxFifo0                        
200034c4  Messageb                       
200034cc  Messagec                       
200034d4  parmbuf                        
200034dc  ADCflag                        
200034e0  I1                             
200034e4  I2                             
200034e8  I3                             
200034ec  LPFSum                         
200034f0  LPFSum2                        
200034f4  LPFSum3                        
200034f8  Messageindexb                  
200034fc  Messageindexc                  
20003500  Port4Task                      
20003504  Size                           
20003508  Size2                          
2000350c  Size3                          
20003510  TimerA1Task                    
20003514  nc                             
20003518  nl                             
2000351c  nr                             
20003520  Period0                        
20003522  Period2                        
20003524  CollisionData                  
20003525  CollisionFlag                  
20003528  _sys_memory                    
20003928  _ftable                        
20003a18  _device                        
20003a90  _stream                        
20003ae0  ClockFrequency                 
20003ae4  Prewait                        
20003ae8  CPMwait                        
20003aec  Postwait                       
20003af0  IFlags                         
20003af4  Crystalstable                  
20003af8  First0                         
20003afc  Done0                          
20003b00  First2                         
20003b04  Done2                          
20003b08  __TI_ft_end                    
20003b0c  __aeabi_stdin                  
20003b10  __aeabi_stdout                 
20003b14  __aeabi_stderr                 
20003b18  __TI_cleanup_ptr               
20003b1c  __TI_dtors_ptr                 
20003b20  __TI_enable_exit_profile_output
20003b30  _lock                          
20003b34  _unlock                        
20003b38  CaptureTask0                   
20003b3c  CaptureTask2                   
20003b4c  main_func_sp                   
20003b50  SystemCoreClock                
2000fe00  __stack                        
20010000  __STACK_END                    
4000480c  WDTCTL_SYM                     
ffffffff  __TI_pprof_out_hndl            
ffffffff  __TI_prof_data_size            
ffffffff  __TI_prof_data_start           
ffffffff  __binit__                      
ffffffff  __c_args__                     
ffffffff  binit                          
UNDEFED   SHT$$INIT_ARRAY$$Base          
UNDEFED   SHT$$INIT_ARRAY$$Limit         

[311 symbols]
