<?xml version="1.0"?>
<link_info>
   <banner>TI ARM Linker PC v16.9.6.LTS</banner>
   <copyright>Copyright (c) 1996-2017 Texas Instruments Incorporated</copyright>
   <link_time>0x654dc70f</link_time>
   <link_errors>0x0</link_errors>
   <output_file>Lab5_UARTComms.out</output_file>
   <entry_point>
      <name>_c_int00</name>
      <address>0x3d71</address>
   </entry_point>
   <input_file_list>
      <input_file id="fl-2">
         <path>.\</path>
         <kind>object</kind>
         <file>ADC14.obj</file>
         <name>ADC14.obj</name>
      </input_file>
      <input_file id="fl-3">
         <path>.\</path>
         <kind>object</kind>
         <file>BumpInt.obj</file>
         <name>BumpInt.obj</name>
      </input_file>
      <input_file id="fl-4">
         <path>.\</path>
         <kind>object</kind>
         <file>Clock.obj</file>
         <name>Clock.obj</name>
      </input_file>
      <input_file id="fl-5">
         <path>.\</path>
         <kind>object</kind>
         <file>CortexM.obj</file>
         <name>CortexM.obj</name>
      </input_file>
      <input_file id="fl-6">
         <path>.\</path>
         <kind>object</kind>
         <file>EUSCIA0.obj</file>
         <name>EUSCIA0.obj</name>
      </input_file>
      <input_file id="fl-7">
         <path>.\</path>
         <kind>object</kind>
         <file>FIFO0.obj</file>
         <name>FIFO0.obj</name>
      </input_file>
      <input_file id="fl-8">
         <path>.\</path>
         <kind>object</kind>
         <file>IRDistance.obj</file>
         <name>IRDistance.obj</name>
      </input_file>
      <input_file id="fl-9">
         <path>.\</path>
         <kind>object</kind>
         <file>LPF.obj</file>
         <name>LPF.obj</name>
      </input_file>
      <input_file id="fl-a">
         <path>.\</path>
         <kind>object</kind>
         <file>Lab5_UARTmain.obj</file>
         <name>Lab5_UARTmain.obj</name>
      </input_file>
      <input_file id="fl-b">
         <path>.\</path>
         <kind>object</kind>
         <file>LaunchPad.obj</file>
         <name>LaunchPad.obj</name>
      </input_file>
      <input_file id="fl-c">
         <path>.\</path>
         <kind>object</kind>
         <file>Motor.obj</file>
         <name>Motor.obj</name>
      </input_file>
      <input_file id="fl-d">
         <path>.\</path>
         <kind>object</kind>
         <file>PWM.obj</file>
         <name>PWM.obj</name>
      </input_file>
      <input_file id="fl-e">
         <path>.\</path>
         <kind>object</kind>
         <file>Reflectance.obj</file>
         <name>Reflectance.obj</name>
      </input_file>
      <input_file id="fl-f">
         <path>.\</path>
         <kind>object</kind>
         <file>SysTickInts.obj</file>
         <name>SysTickInts.obj</name>
      </input_file>
      <input_file id="fl-10">
         <path>.\</path>
         <kind>object</kind>
         <file>TA3InputCapture.obj</file>
         <name>TA3InputCapture.obj</name>
      </input_file>
      <input_file id="fl-11">
         <path>.\</path>
         <kind>object</kind>
         <file>TimerA1.obj</file>
         <name>TimerA1.obj</name>
      </input_file>
      <input_file id="fl-12">
         <path>.\</path>
         <kind>object</kind>
         <file>UART0.obj</file>
         <name>UART0.obj</name>
      </input_file>
      <input_file id="fl-13">
         <path>.\</path>
         <kind>object</kind>
         <file>startup_msp432p401r_ccs.obj</file>
         <name>startup_msp432p401r_ccs.obj</name>
      </input_file>
      <input_file id="fl-14">
         <path>.\</path>
         <kind>object</kind>
         <file>system_msp432p401r.obj</file>
         <name>system_msp432p401r.obj</name>
      </input_file>
      <input_file id="fl-18">
         <kind>object</kind>
         <file>&lt;internal&gt;</file>
         <name>&lt;internal&gt;</name>
      </input_file>
      <input_file id="fl-ce">
         <path>C:\ti\ccsv7\tools\compiler\ti-cgt-arm_16.9.6.LTS\lib\</path>
         <kind>archive</kind>
         <file>rtsv7M4_T_le_v4SPD16_eabi.lib</file>
         <name>add_device.obj</name>
      </input_file>
      <input_file id="fl-cf">
         <path>C:\ti\ccsv7\tools\compiler\ti-cgt-arm_16.9.6.LTS\lib\</path>
         <kind>archive</kind>
         <file>rtsv7M4_T_le_v4SPD16_eabi.lib</file>
         <name>boot.obj</name>
      </input_file>
      <input_file id="fl-d0">
         <path>C:\ti\ccsv7\tools\compiler\ti-cgt-arm_16.9.6.LTS\lib\</path>
         <kind>archive</kind>
         <file>rtsv7M4_T_le_v4SPD16_eabi.lib</file>
         <name>copy_decompress_lzss.obj</name>
      </input_file>
      <input_file id="fl-d1">
         <path>C:\ti\ccsv7\tools\compiler\ti-cgt-arm_16.9.6.LTS\lib\</path>
         <kind>archive</kind>
         <file>rtsv7M4_T_le_v4SPD16_eabi.lib</file>
         <name>copy_decompress_none.obj</name>
      </input_file>
      <input_file id="fl-d2">
         <path>C:\ti\ccsv7\tools\compiler\ti-cgt-arm_16.9.6.LTS\lib\</path>
         <kind>archive</kind>
         <file>rtsv7M4_T_le_v4SPD16_eabi.lib</file>
         <name>copy_zero_init.obj</name>
      </input_file>
      <input_file id="fl-d3">
         <path>C:\ti\ccsv7\tools\compiler\ti-cgt-arm_16.9.6.LTS\lib\</path>
         <kind>archive</kind>
         <file>rtsv7M4_T_le_v4SPD16_eabi.lib</file>
         <name>defs.obj</name>
      </input_file>
      <input_file id="fl-d4">
         <path>C:\ti\ccsv7\tools\compiler\ti-cgt-arm_16.9.6.LTS\lib\</path>
         <kind>archive</kind>
         <file>rtsv7M4_T_le_v4SPD16_eabi.lib</file>
         <name>exit.obj</name>
      </input_file>
      <input_file id="fl-d5">
         <path>C:\ti\ccsv7\tools\compiler\ti-cgt-arm_16.9.6.LTS\lib\</path>
         <kind>archive</kind>
         <file>rtsv7M4_T_le_v4SPD16_eabi.lib</file>
         <name>fopen.obj</name>
      </input_file>
      <input_file id="fl-d6">
         <path>C:\ti\ccsv7\tools\compiler\ti-cgt-arm_16.9.6.LTS\lib\</path>
         <kind>archive</kind>
         <file>rtsv7M4_T_le_v4SPD16_eabi.lib</file>
         <name>getdevice.obj</name>
      </input_file>
      <input_file id="fl-d7">
         <path>C:\ti\ccsv7\tools\compiler\ti-cgt-arm_16.9.6.LTS\lib\</path>
         <kind>archive</kind>
         <file>rtsv7M4_T_le_v4SPD16_eabi.lib</file>
         <name>memcpy_t2.obj</name>
      </input_file>
      <input_file id="fl-d8">
         <path>C:\ti\ccsv7\tools\compiler\ti-cgt-arm_16.9.6.LTS\lib\</path>
         <kind>archive</kind>
         <file>rtsv7M4_T_le_v4SPD16_eabi.lib</file>
         <name>memset_t2.obj</name>
      </input_file>
      <input_file id="fl-d9">
         <path>C:\ti\ccsv7\tools\compiler\ti-cgt-arm_16.9.6.LTS\lib\</path>
         <kind>archive</kind>
         <file>rtsv7M4_T_le_v4SPD16_eabi.lib</file>
         <name>mpu_init.obj</name>
      </input_file>
      <input_file id="fl-da">
         <path>C:\ti\ccsv7\tools\compiler\ti-cgt-arm_16.9.6.LTS\lib\</path>
         <kind>archive</kind>
         <file>rtsv7M4_T_le_v4SPD16_eabi.lib</file>
         <name>open.obj</name>
      </input_file>
      <input_file id="fl-db">
         <path>C:\ti\ccsv7\tools\compiler\ti-cgt-arm_16.9.6.LTS\lib\</path>
         <kind>archive</kind>
         <file>rtsv7M4_T_le_v4SPD16_eabi.lib</file>
         <name>pre_init.obj</name>
      </input_file>
      <input_file id="fl-dc">
         <path>C:\ti\ccsv7\tools\compiler\ti-cgt-arm_16.9.6.LTS\lib\</path>
         <kind>archive</kind>
         <file>rtsv7M4_T_le_v4SPD16_eabi.lib</file>
         <name>setvbuf.obj</name>
      </input_file>
      <input_file id="fl-dd">
         <path>C:\ti\ccsv7\tools\compiler\ti-cgt-arm_16.9.6.LTS\lib\</path>
         <kind>archive</kind>
         <file>rtsv7M4_T_le_v4SPD16_eabi.lib</file>
         <name>stkdepth_vars.obj</name>
      </input_file>
      <input_file id="fl-de">
         <path>C:\ti\ccsv7\tools\compiler\ti-cgt-arm_16.9.6.LTS\lib\</path>
         <kind>archive</kind>
         <file>rtsv7M4_T_le_v4SPD16_eabi.lib</file>
         <name>strchr.obj</name>
      </input_file>
      <input_file id="fl-df">
         <path>C:\ti\ccsv7\tools\compiler\ti-cgt-arm_16.9.6.LTS\lib\</path>
         <kind>archive</kind>
         <file>rtsv7M4_T_le_v4SPD16_eabi.lib</file>
         <name>strcmp.obj</name>
      </input_file>
      <input_file id="fl-e0">
         <path>C:\ti\ccsv7\tools\compiler\ti-cgt-arm_16.9.6.LTS\lib\</path>
         <kind>archive</kind>
         <file>rtsv7M4_T_le_v4SPD16_eabi.lib</file>
         <name>strncpy.obj</name>
      </input_file>
      <input_file id="fl-e1">
         <path>C:\ti\ccsv7\tools\compiler\ti-cgt-arm_16.9.6.LTS\lib\</path>
         <kind>archive</kind>
         <file>rtsv7M4_T_le_v4SPD16_eabi.lib</file>
         <name>write.obj</name>
      </input_file>
      <input_file id="fl-e2">
         <path>C:\ti\ccsv7\tools\compiler\ti-cgt-arm_16.9.6.LTS\lib\</path>
         <kind>archive</kind>
         <file>rtsv7M4_T_le_v4SPD16_eabi.lib</file>
         <name>_lock.obj</name>
      </input_file>
      <input_file id="fl-e3">
         <path>C:\ti\ccsv7\tools\compiler\ti-cgt-arm_16.9.6.LTS\lib\</path>
         <kind>archive</kind>
         <file>rtsv7M4_T_le_v4SPD16_eabi.lib</file>
         <name>args_main.obj</name>
      </input_file>
      <input_file id="fl-e4">
         <path>C:\ti\ccsv7\tools\compiler\ti-cgt-arm_16.9.6.LTS\lib\</path>
         <kind>archive</kind>
         <file>rtsv7M4_T_le_v4SPD16_eabi.lib</file>
         <name>autoinit.obj</name>
      </input_file>
      <input_file id="fl-e5">
         <path>C:\ti\ccsv7\tools\compiler\ti-cgt-arm_16.9.6.LTS\lib\</path>
         <kind>archive</kind>
         <file>rtsv7M4_T_le_v4SPD16_eabi.lib</file>
         <name>cpy_tbl.obj</name>
      </input_file>
      <input_file id="fl-e6">
         <path>C:\ti\ccsv7\tools\compiler\ti-cgt-arm_16.9.6.LTS\lib\</path>
         <kind>archive</kind>
         <file>rtsv7M4_T_le_v4SPD16_eabi.lib</file>
         <name>fclose.obj</name>
      </input_file>
      <input_file id="fl-e7">
         <path>C:\ti\ccsv7\tools\compiler\ti-cgt-arm_16.9.6.LTS\lib\</path>
         <kind>archive</kind>
         <file>rtsv7M4_T_le_v4SPD16_eabi.lib</file>
         <name>fflush.obj</name>
      </input_file>
      <input_file id="fl-e8">
         <path>C:\ti\ccsv7\tools\compiler\ti-cgt-arm_16.9.6.LTS\lib\</path>
         <kind>archive</kind>
         <file>rtsv7M4_T_le_v4SPD16_eabi.lib</file>
         <name>hostclose.obj</name>
      </input_file>
      <input_file id="fl-e9">
         <path>C:\ti\ccsv7\tools\compiler\ti-cgt-arm_16.9.6.LTS\lib\</path>
         <kind>archive</kind>
         <file>rtsv7M4_T_le_v4SPD16_eabi.lib</file>
         <name>hostlseek.obj</name>
      </input_file>
      <input_file id="fl-ea">
         <path>C:\ti\ccsv7\tools\compiler\ti-cgt-arm_16.9.6.LTS\lib\</path>
         <kind>archive</kind>
         <file>rtsv7M4_T_le_v4SPD16_eabi.lib</file>
         <name>hostopen.obj</name>
      </input_file>
      <input_file id="fl-eb">
         <path>C:\ti\ccsv7\tools\compiler\ti-cgt-arm_16.9.6.LTS\lib\</path>
         <kind>archive</kind>
         <file>rtsv7M4_T_le_v4SPD16_eabi.lib</file>
         <name>hostread.obj</name>
      </input_file>
      <input_file id="fl-ec">
         <path>C:\ti\ccsv7\tools\compiler\ti-cgt-arm_16.9.6.LTS\lib\</path>
         <kind>archive</kind>
         <file>rtsv7M4_T_le_v4SPD16_eabi.lib</file>
         <name>hostrename.obj</name>
      </input_file>
      <input_file id="fl-ed">
         <path>C:\ti\ccsv7\tools\compiler\ti-cgt-arm_16.9.6.LTS\lib\</path>
         <kind>archive</kind>
         <file>rtsv7M4_T_le_v4SPD16_eabi.lib</file>
         <name>hostunlink.obj</name>
      </input_file>
      <input_file id="fl-ee">
         <path>C:\ti\ccsv7\tools\compiler\ti-cgt-arm_16.9.6.LTS\lib\</path>
         <kind>archive</kind>
         <file>rtsv7M4_T_le_v4SPD16_eabi.lib</file>
         <name>hostwrite.obj</name>
      </input_file>
      <input_file id="fl-ef">
         <path>C:\ti\ccsv7\tools\compiler\ti-cgt-arm_16.9.6.LTS\lib\</path>
         <kind>archive</kind>
         <file>rtsv7M4_T_le_v4SPD16_eabi.lib</file>
         <name>memory.obj</name>
      </input_file>
      <input_file id="fl-f0">
         <path>C:\ti\ccsv7\tools\compiler\ti-cgt-arm_16.9.6.LTS\lib\</path>
         <kind>archive</kind>
         <file>rtsv7M4_T_le_v4SPD16_eabi.lib</file>
         <name>remove.obj</name>
      </input_file>
      <input_file id="fl-f1">
         <path>C:\ti\ccsv7\tools\compiler\ti-cgt-arm_16.9.6.LTS\lib\</path>
         <kind>archive</kind>
         <file>rtsv7M4_T_le_v4SPD16_eabi.lib</file>
         <name>startup.obj</name>
      </input_file>
      <input_file id="fl-f2">
         <path>C:\ti\ccsv7\tools\compiler\ti-cgt-arm_16.9.6.LTS\lib\</path>
         <kind>archive</kind>
         <file>rtsv7M4_T_le_v4SPD16_eabi.lib</file>
         <name>strcpy.obj</name>
      </input_file>
      <input_file id="fl-f3">
         <path>C:\ti\ccsv7\tools\compiler\ti-cgt-arm_16.9.6.LTS\lib\</path>
         <kind>archive</kind>
         <file>rtsv7M4_T_le_v4SPD16_eabi.lib</file>
         <name>strlen.obj</name>
      </input_file>
      <input_file id="fl-f4">
         <path>C:\ti\ccsv7\tools\compiler\ti-cgt-arm_16.9.6.LTS\lib\</path>
         <kind>archive</kind>
         <file>rtsv7M4_T_le_v4SPD16_eabi.lib</file>
         <name>trgmsg.obj</name>
      </input_file>
      <input_file id="fl-f5">
         <path>C:\ti\ccsv7\tools\compiler\ti-cgt-arm_16.9.6.LTS\lib\</path>
         <kind>archive</kind>
         <file>rtsv7M4_T_le_v4SPD16_eabi.lib</file>
         <name>unlink.obj</name>
      </input_file>
      <input_file id="fl-f6">
         <path>C:\ti\ccsv7\tools\compiler\ti-cgt-arm_16.9.6.LTS\lib\</path>
         <kind>archive</kind>
         <file>rtsv7M4_T_le_v4SPD16_eabi.lib</file>
         <name>close.obj</name>
      </input_file>
   </input_file_list>
   <object_component_list>
      <object_component id="oc-2c">
         <name>.intvecs:retain</name>
         <load_address>0x0</load_address>
         <run_address>0x0</run_address>
         <size>0xe4</size>
         <input_file_ref idref="fl-13"/>
      </object_component>
      <object_component id="oc-c3">
         <name>.text</name>
         <load_address>0xe4</load_address>
         <run_address>0xe4</run_address>
         <size>0xe20</size>
         <input_file_ref idref="fl-a"/>
      </object_component>
      <object_component id="oc-13d">
         <name>.text</name>
         <load_address>0xf04</load_address>
         <run_address>0xf04</run_address>
         <size>0x6bc</size>
         <input_file_ref idref="fl-12"/>
      </object_component>
      <object_component id="oc-8a">
         <name>.text</name>
         <load_address>0x15c0</load_address>
         <run_address>0x15c0</run_address>
         <size>0x5ba</size>
         <input_file_ref idref="fl-6"/>
      </object_component>
      <object_component id="oc-56">
         <name>.text</name>
         <load_address>0x1b7a</load_address>
         <run_address>0x1b7a</run_address>
         <size>0x2</size>
         <input_file_ref idref="fl-d9"/>
      </object_component>
      <object_component id="oc-221">
         <name>.text</name>
         <load_address>0x1b7c</load_address>
         <run_address>0x1b7c</run_address>
         <size>0x3d0</size>
         <input_file_ref idref="fl-ef"/>
      </object_component>
      <object_component id="oc-d6">
         <name>.text</name>
         <load_address>0x1f4c</load_address>
         <run_address>0x1f4c</run_address>
         <size>0x32c</size>
         <input_file_ref idref="fl-14"/>
      </object_component>
      <object_component id="oc-156">
         <name>.text</name>
         <load_address>0x2278</load_address>
         <run_address>0x2278</run_address>
         <size>0x25c</size>
         <input_file_ref idref="fl-e"/>
      </object_component>
      <object_component id="oc-137">
         <name>.text</name>
         <load_address>0x24d4</load_address>
         <run_address>0x24d4</run_address>
         <size>0x248</size>
         <input_file_ref idref="fl-9"/>
      </object_component>
      <object_component id="oc-eb">
         <name>.text</name>
         <load_address>0x271c</load_address>
         <run_address>0x271c</run_address>
         <size>0x210</size>
         <input_file_ref idref="fl-7"/>
      </object_component>
      <object_component id="oc-11f">
         <name>.text</name>
         <load_address>0x292c</load_address>
         <run_address>0x292c</run_address>
         <size>0x1e0</size>
         <input_file_ref idref="fl-4"/>
      </object_component>
      <object_component id="oc-1c4">
         <name>.text</name>
         <load_address>0x2b0c</load_address>
         <run_address>0x2b0c</run_address>
         <size>0x1c4</size>
         <input_file_ref idref="fl-d5"/>
      </object_component>
      <object_component id="oc-12b">
         <name>.text</name>
         <load_address>0x2cd0</load_address>
         <run_address>0x2cd0</run_address>
         <size>0x1b0</size>
         <input_file_ref idref="fl-c"/>
      </object_component>
      <object_component id="oc-131">
         <name>.text</name>
         <load_address>0x2e80</load_address>
         <run_address>0x2e80</run_address>
         <size>0x164</size>
         <input_file_ref idref="fl-2"/>
      </object_component>
      <object_component id="oc-84">
         <name>.text</name>
         <load_address>0x2fe4</load_address>
         <run_address>0x2fe4</run_address>
         <size>0x100</size>
         <input_file_ref idref="fl-10"/>
      </object_component>
      <object_component id="oc-125">
         <name>.text</name>
         <load_address>0x30e4</load_address>
         <run_address>0x30e4</run_address>
         <size>0xf4</size>
         <input_file_ref idref="fl-b"/>
      </object_component>
      <object_component id="oc-90">
         <name>.text</name>
         <load_address>0x31d8</load_address>
         <run_address>0x31d8</run_address>
         <size>0xf0</size>
         <input_file_ref idref="fl-3"/>
      </object_component>
      <object_component id="oc-1a2">
         <name>.text</name>
         <load_address>0x32c8</load_address>
         <run_address>0x32c8</run_address>
         <size>0xec</size>
         <input_file_ref idref="fl-d"/>
      </object_component>
      <object_component id="oc-1ca">
         <name>.text</name>
         <load_address>0x33b4</load_address>
         <run_address>0x33b4</run_address>
         <size>0xdc</size>
         <input_file_ref idref="fl-dc"/>
      </object_component>
      <object_component id="oc-28a">
         <name>.text</name>
         <load_address>0x3490</load_address>
         <run_address>0x3490</run_address>
         <size>0xc8</size>
         <input_file_ref idref="fl-e7"/>
      </object_component>
      <object_component id="oc-20f">
         <name>.text</name>
         <load_address>0x3558</load_address>
         <run_address>0x3558</run_address>
         <size>0xbc</size>
         <input_file_ref idref="fl-da"/>
      </object_component>
      <object_component id="oc-1be">
         <name>.text</name>
         <load_address>0x3614</load_address>
         <run_address>0x3614</run_address>
         <size>0xb8</size>
         <input_file_ref idref="fl-ce"/>
      </object_component>
      <object_component id="oc-7e">
         <name>.text</name>
         <load_address>0x36cc</load_address>
         <run_address>0x36cc</run_address>
         <size>0xa8</size>
         <input_file_ref idref="fl-11"/>
      </object_component>
      <object_component id="oc-3e">
         <name>.text</name>
         <load_address>0x3774</load_address>
         <run_address>0x3774</run_address>
         <size>0x9c</size>
         <input_file_ref idref="fl-d7"/>
      </object_component>
      <object_component id="oc-215">
         <name>.text</name>
         <load_address>0x3810</load_address>
         <run_address>0x3810</run_address>
         <size>0x98</size>
         <input_file_ref idref="fl-e6"/>
      </object_component>
      <object_component id="oc-4a">
         <name>.text</name>
         <load_address>0x38a8</load_address>
         <run_address>0x38a8</run_address>
         <size>0x7a</size>
         <input_file_ref idref="fl-d8"/>
      </object_component>
      <object_component id="oc-bb">
         <name>.text</name>
         <load_address>0x3922</load_address>
         <run_address>0x3922</run_address>
         <size>0x2</size>
         <input_file_ref idref="fl-f1"/>
      </object_component>
      <object_component id="oc-62">
         <name>.text</name>
         <load_address>0x3924</load_address>
         <run_address>0x3924</run_address>
         <size>0x70</size>
         <input_file_ref idref="fl-e4"/>
      </object_component>
      <object_component id="oc-1fd">
         <name>.text</name>
         <load_address>0x3994</load_address>
         <run_address>0x3994</run_address>
         <size>0x70</size>
         <input_file_ref idref="fl-d6"/>
      </object_component>
      <object_component id="oc-14">
         <name>.text:decompress:lzss</name>
         <load_address>0x3a04</load_address>
         <run_address>0x3a04</run_address>
         <size>0x68</size>
         <input_file_ref idref="fl-d0"/>
      </object_component>
      <object_component id="oc-263">
         <name>.text</name>
         <load_address>0x3a6c</load_address>
         <run_address>0x3a6c</run_address>
         <size>0x68</size>
         <input_file_ref idref="fl-e9"/>
      </object_component>
      <object_component id="oc-26f">
         <name>.text</name>
         <load_address>0x3ad4</load_address>
         <run_address>0x3ad4</run_address>
         <size>0x68</size>
         <input_file_ref idref="fl-ec"/>
      </object_component>
      <object_component id="oc-2be">
         <name>.text</name>
         <load_address>0x3b3c</load_address>
         <run_address>0x3b3c</run_address>
         <size>0x68</size>
         <input_file_ref idref="fl-f4"/>
      </object_component>
      <object_component id="oc-150">
         <name>.text</name>
         <load_address>0x3ba4</load_address>
         <run_address>0x3ba4</run_address>
         <size>0x60</size>
         <input_file_ref idref="fl-8"/>
      </object_component>
      <object_component id="oc-24b">
         <name>.text</name>
         <load_address>0x3c04</load_address>
         <run_address>0x3c04</run_address>
         <size>0x60</size>
         <input_file_ref idref="fl-ea"/>
      </object_component>
      <object_component id="oc-290">
         <name>.text</name>
         <load_address>0x3c64</load_address>
         <run_address>0x3c64</run_address>
         <size>0x5c</size>
         <input_file_ref idref="fl-f6"/>
      </object_component>
      <object_component id="oc-257">
         <name>.text</name>
         <load_address>0x3cc0</load_address>
         <run_address>0x3cc0</run_address>
         <size>0x58</size>
         <input_file_ref idref="fl-eb"/>
      </object_component>
      <object_component id="oc-25d">
         <name>.text</name>
         <load_address>0x3d18</load_address>
         <run_address>0x3d18</run_address>
         <size>0x58</size>
         <input_file_ref idref="fl-ee"/>
      </object_component>
      <object_component id="oc-26">
         <name>.text</name>
         <load_address>0x3d70</load_address>
         <run_address>0x3d70</run_address>
         <size>0x54</size>
         <input_file_ref idref="fl-cf"/>
      </object_component>
      <object_component id="oc-6e">
         <name>.text</name>
         <load_address>0x3dc4</load_address>
         <run_address>0x3dc4</run_address>
         <size>0x54</size>
         <input_file_ref idref="fl-d4"/>
      </object_component>
      <object_component id="oc-b5">
         <name>.text</name>
         <load_address>0x3e18</load_address>
         <run_address>0x3e18</run_address>
         <size>0x4c</size>
         <input_file_ref idref="fl-e5"/>
      </object_component>
      <object_component id="oc-251">
         <name>.text</name>
         <load_address>0x3e64</load_address>
         <run_address>0x3e64</run_address>
         <size>0x44</size>
         <input_file_ref idref="fl-e8"/>
      </object_component>
      <object_component id="oc-269">
         <name>.text</name>
         <load_address>0x3ea8</load_address>
         <run_address>0x3ea8</run_address>
         <size>0x44</size>
         <input_file_ref idref="fl-ed"/>
      </object_component>
      <object_component id="oc-203">
         <name>.text</name>
         <load_address>0x3eec</load_address>
         <run_address>0x3eec</run_address>
         <size>0x36</size>
         <input_file_ref idref="fl-e0"/>
      </object_component>
      <object_component id="oc-296">
         <name>.text</name>
         <load_address>0x3f24</load_address>
         <run_address>0x3f24</run_address>
         <size>0x2c</size>
         <input_file_ref idref="fl-f5"/>
      </object_component>
      <object_component id="oc-2e5">
         <name>.text</name>
         <load_address>0x3f50</load_address>
         <run_address>0x3f50</run_address>
         <size>0x28</size>
         <input_file_ref idref="fl-e1"/>
      </object_component>
      <object_component id="oc-119">
         <name>.text</name>
         <load_address>0x3f78</load_address>
         <run_address>0x3f78</run_address>
         <size>0x24</size>
         <input_file_ref idref="fl-5"/>
      </object_component>
      <object_component id="oc-68">
         <name>.text</name>
         <load_address>0x3f9c</load_address>
         <run_address>0x3f9c</run_address>
         <size>0x18</size>
         <input_file_ref idref="fl-e3"/>
      </object_component>
      <object_component id="oc-23b">
         <name>.text</name>
         <load_address>0x3fb4</load_address>
         <run_address>0x3fb4</run_address>
         <size>0x18</size>
         <input_file_ref idref="fl-df"/>
      </object_component>
      <object_component id="oc-241">
         <name>.text</name>
         <load_address>0x3fcc</load_address>
         <run_address>0x3fcc</run_address>
         <size>0x16</size>
         <input_file_ref idref="fl-de"/>
      </object_component>
      <object_component id="oc-166">
         <name>.text</name>
         <load_address>0x3fe4</load_address>
         <run_address>0x3fe4</run_address>
         <size>0x14</size>
         <input_file_ref idref="fl-e2"/>
      </object_component>
      <object_component id="oc-2d2">
         <name>.text</name>
         <load_address>0x3ff8</load_address>
         <run_address>0x3ff8</run_address>
         <size>0x14</size>
         <input_file_ref idref="fl-f2"/>
      </object_component>
      <object_component id="oc-2b8">
         <name>.text</name>
         <load_address>0x400c</load_address>
         <run_address>0x400c</run_address>
         <size>0x14</size>
         <input_file_ref idref="fl-f3"/>
      </object_component>
      <object_component id="oc-1a">
         <name>.text:decompress:none</name>
         <load_address>0x4020</load_address>
         <run_address>0x4020</run_address>
         <size>0xe</size>
         <input_file_ref idref="fl-d1"/>
      </object_component>
      <object_component id="oc-78">
         <name>.text</name>
         <load_address>0x402e</load_address>
         <run_address>0x402e</run_address>
         <size>0xe</size>
         <input_file_ref idref="fl-13"/>
      </object_component>
      <object_component id="oc-20">
         <name>.text:decompress:ZI</name>
         <load_address>0x403c</load_address>
         <run_address>0x403c</run_address>
         <size>0xc</size>
         <input_file_ref idref="fl-d2"/>
      </object_component>
      <object_component id="oc-5c">
         <name>.text</name>
         <load_address>0x4048</load_address>
         <run_address>0x4048</run_address>
         <size>0x4</size>
         <input_file_ref idref="fl-db"/>
      </object_component>
      <object_component id="oc-1de">
         <name>.const:$P$T0$1</name>
         <load_address>0x404c</load_address>
         <run_address>0x404c</run_address>
         <size>0x20</size>
         <input_file_ref idref="fl-e"/>
      </object_component>
      <object_component id="oc-346">
         <name>.cinit..data.load</name>
         <load_address>0x4070</load_address>
         <run_address>0x4070</run_address>
         <size>0x80</size>
      </object_component>
      <object_component id="oc-344">
         <name>__TI_handler_table</name>
         <load_address>0x40f0</load_address>
         <run_address>0x40f0</run_address>
         <size>0xc</size>
      </object_component>
      <object_component id="oc-347">
         <name>.cinit..bss.load</name>
         <load_address>0x4100</load_address>
         <run_address>0x4100</run_address>
         <size>0x8</size>
      </object_component>
      <object_component id="oc-345">
         <name>__TI_cinit_table</name>
         <load_address>0x4108</load_address>
         <run_address>0x4108</run_address>
         <size>0x10</size>
      </object_component>
      <object_component id="oc-321">
         <name>.binit</name>
         <load_address>0x0</load_address>
         <run_address>0x0</run_address>
         <size>0x0</size>
      </object_component>
      <object_component id="oc-19d">
         <name>.data</name>
         <load_address>0x20003ae0</load_address>
         <run_address>0x20003ae0</run_address>
         <size>0x18</size>
         <input_file_ref idref="fl-4"/>
      </object_component>
      <object_component id="oc-14c">
         <name>.data</name>
         <load_address>0x20003af8</load_address>
         <run_address>0x20003af8</run_address>
         <size>0x10</size>
         <input_file_ref idref="fl-a"/>
      </object_component>
      <object_component id="oc-e6">
         <name>.data</name>
         <load_address>0x20003b38</load_address>
         <run_address>0x20003b38</run_address>
         <size>0x8</size>
         <input_file_ref idref="fl-10"/>
      </object_component>
      <object_component id="oc-172">
         <name>.data</name>
         <load_address>0x20003b50</load_address>
         <run_address>0x20003b50</run_address>
         <size>0x4</size>
         <input_file_ref idref="fl-14"/>
      </object_component>
      <object_component id="oc-209">
         <name>.data</name>
         <load_address>0x20003b40</load_address>
         <run_address>0x20003b40</run_address>
         <size>0x4</size>
         <input_file_ref idref="fl-ce"/>
      </object_component>
      <object_component id="oc-1d0">
         <name>.data:_ftable</name>
         <load_address>0x20003928</load_address>
         <run_address>0x20003928</run_address>
         <size>0xf0</size>
         <input_file_ref idref="fl-d3"/>
      </object_component>
      <object_component id="oc-21b">
         <name>.data</name>
         <load_address>0x20003b08</load_address>
         <run_address>0x20003b08</run_address>
         <size>0x10</size>
         <input_file_ref idref="fl-d3"/>
      </object_component>
      <object_component id="oc-cb">
         <name>.data:$O1$$</name>
         <load_address>0x20003b18</load_address>
         <run_address>0x20003b18</run_address>
         <size>0xc</size>
         <input_file_ref idref="fl-d4"/>
      </object_component>
      <object_component id="oc-21e">
         <name>.data</name>
         <load_address>0x20003b44</load_address>
         <run_address>0x20003b44</run_address>
         <size>0x4</size>
         <input_file_ref idref="fl-d5"/>
      </object_component>
      <object_component id="oc-284">
         <name>.data</name>
         <load_address>0x20003b48</load_address>
         <run_address>0x20003b48</run_address>
         <size>0x4</size>
         <input_file_ref idref="fl-da"/>
      </object_component>
      <object_component id="oc-74">
         <name>.data</name>
         <load_address>0x20003b4c</load_address>
         <run_address>0x20003b4c</run_address>
         <size>0x4</size>
         <input_file_ref idref="fl-dd"/>
      </object_component>
      <object_component id="oc-20a">
         <name>.data:_device</name>
         <load_address>0x20003a18</load_address>
         <run_address>0x20003a18</run_address>
         <size>0x78</size>
         <input_file_ref idref="fl-e1"/>
      </object_component>
      <object_component id="oc-285">
         <name>.data:_stream</name>
         <load_address>0x20003a90</load_address>
         <run_address>0x20003a90</run_address>
         <size>0x50</size>
         <input_file_ref idref="fl-e1"/>
      </object_component>
      <object_component id="oc-ce">
         <name>.data:$O1$$</name>
         <load_address>0x20003b30</load_address>
         <run_address>0x20003b30</run_address>
         <size>0x8</size>
         <input_file_ref idref="fl-e2"/>
      </object_component>
      <object_component id="oc-2a8">
         <name>.data:$O1$$</name>
         <load_address>0x20003b24</load_address>
         <run_address>0x20003b24</run_address>
         <size>0xc</size>
         <input_file_ref idref="fl-ef"/>
      </object_component>
      <object_component id="oc-2fb">
         <name>.bss:_CIOBUF_</name>
         <uninitialized>true</uninitialized>
         <run_address>0x20003200</run_address>
         <size>0x120</size>
         <input_file_ref idref="fl-f4"/>
      </object_component>
      <object_component id="oc-f6">
         <name>.common:Port4Task</name>
         <uninitialized>true</uninitialized>
         <run_address>0x20003500</run_address>
         <size>0x4</size>
      </object_component>
      <object_component id="oc-f4">
         <name>.common:Messageindexc</name>
         <uninitialized>true</uninitialized>
         <run_address>0x200034fc</run_address>
         <size>0x4</size>
      </object_component>
      <object_component id="oc-f1">
         <name>.common:Messagec</name>
         <uninitialized>true</uninitialized>
         <run_address>0x200034cc</run_address>
         <size>0x8</size>
      </object_component>
      <object_component id="oc-186">
         <name>.common:TxFifo0</name>
         <uninitialized>true</uninitialized>
         <run_address>0x20003442</run_address>
         <size>0x82</size>
      </object_component>
      <object_component id="oc-18a">
         <name>.common:RxFifo0</name>
         <uninitialized>true</uninitialized>
         <run_address>0x200033c0</run_address>
         <size>0x82</size>
      </object_component>
      <object_component id="oc-189">
         <name>.common:TxHistogram</name>
         <uninitialized>true</uninitialized>
         <run_address>0x20003000</run_address>
         <size>0x200</size>
      </object_component>
      <object_component id="oc-1ab">
         <name>.common:Size</name>
         <uninitialized>true</uninitialized>
         <run_address>0x20003504</run_address>
         <size>0x4</size>
      </object_component>
      <object_component id="oc-1b0">
         <name>.common:x</name>
         <uninitialized>true</uninitialized>
         <run_address>0x20000000</run_address>
         <size>0x1000</size>
      </object_component>
      <object_component id="oc-1ae">
         <name>.common:I1</name>
         <uninitialized>true</uninitialized>
         <run_address>0x200034e0</run_address>
         <size>0x4</size>
      </object_component>
      <object_component id="oc-1af">
         <name>.common:LPFSum</name>
         <uninitialized>true</uninitialized>
         <run_address>0x200034ec</run_address>
         <size>0x4</size>
      </object_component>
      <object_component id="oc-1b1">
         <name>.common:Size2</name>
         <uninitialized>true</uninitialized>
         <run_address>0x20003508</run_address>
         <size>0x4</size>
      </object_component>
      <object_component id="oc-1b4">
         <name>.common:x2</name>
         <uninitialized>true</uninitialized>
         <run_address>0x20001000</run_address>
         <size>0x1000</size>
      </object_component>
      <object_component id="oc-1b2">
         <name>.common:I2</name>
         <uninitialized>true</uninitialized>
         <run_address>0x200034e4</run_address>
         <size>0x4</size>
      </object_component>
      <object_component id="oc-1b3">
         <name>.common:LPFSum2</name>
         <uninitialized>true</uninitialized>
         <run_address>0x200034f0</run_address>
         <size>0x4</size>
      </object_component>
      <object_component id="oc-1b5">
         <name>.common:Size3</name>
         <uninitialized>true</uninitialized>
         <run_address>0x2000350c</run_address>
         <size>0x4</size>
      </object_component>
      <object_component id="oc-1b8">
         <name>.common:x3</name>
         <uninitialized>true</uninitialized>
         <run_address>0x20002000</run_address>
         <size>0x1000</size>
      </object_component>
      <object_component id="oc-1b6">
         <name>.common:I3</name>
         <uninitialized>true</uninitialized>
         <run_address>0x200034e8</run_address>
         <size>0x4</size>
      </object_component>
      <object_component id="oc-1b7">
         <name>.common:LPFSum3</name>
         <uninitialized>true</uninitialized>
         <run_address>0x200034f4</run_address>
         <size>0x4</size>
      </object_component>
      <object_component id="oc-148">
         <name>.common:ADCflag</name>
         <uninitialized>true</uninitialized>
         <run_address>0x200034dc</run_address>
         <size>0x4</size>
      </object_component>
      <object_component id="oc-143">
         <name>.common:nr</name>
         <uninitialized>true</uninitialized>
         <run_address>0x2000351c</run_address>
         <size>0x4</size>
      </object_component>
      <object_component id="oc-146">
         <name>.common:nc</name>
         <uninitialized>true</uninitialized>
         <run_address>0x20003514</run_address>
         <size>0x4</size>
      </object_component>
      <object_component id="oc-147">
         <name>.common:nl</name>
         <uninitialized>true</uninitialized>
         <run_address>0x20003518</run_address>
         <size>0x4</size>
      </object_component>
      <object_component id="oc-149">
         <name>.common:CollisionData</name>
         <uninitialized>true</uninitialized>
         <run_address>0x20003524</run_address>
         <size>0x1</size>
      </object_component>
      <object_component id="oc-14a">
         <name>.common:CollisionFlag</name>
         <uninitialized>true</uninitialized>
         <run_address>0x20003525</run_address>
         <size>0x1</size>
      </object_component>
      <object_component id="oc-14b">
         <name>.common:Period0</name>
         <uninitialized>true</uninitialized>
         <run_address>0x20003520</run_address>
         <size>0x2</size>
      </object_component>
      <object_component id="oc-14f">
         <name>.common:Period2</name>
         <uninitialized>true</uninitialized>
         <run_address>0x20003522</run_address>
         <size>0x2</size>
      </object_component>
      <object_component id="oc-dd">
         <name>.common:TimerA1Task</name>
         <uninitialized>true</uninitialized>
         <run_address>0x20003510</run_address>
         <size>0x4</size>
      </object_component>
      <object_component id="oc-1bd">
         <name>.common:Messageindexb</name>
         <uninitialized>true</uninitialized>
         <run_address>0x200034f8</run_address>
         <size>0x4</size>
      </object_component>
      <object_component id="oc-1ba">
         <name>.common:Messageb</name>
         <uninitialized>true</uninitialized>
         <run_address>0x200034c4</run_address>
         <size>0x8</size>
      </object_component>
      <object_component id="oc-29c">
         <name>.common:__TI_tmpnams</name>
         <uninitialized>true</uninitialized>
         <run_address>0x20003320</run_address>
         <size>0xa0</size>
      </object_component>
      <object_component id="oc-2c4">
         <name>.common:parmbuf</name>
         <uninitialized>true</uninitialized>
         <run_address>0x200034d4</run_address>
         <size>0x8</size>
      </object_component>
      <object_component id="oc-30">
         <name>.sysmem</name>
         <uninitialized>true</uninitialized>
         <run_address>0x20003528</run_address>
         <size>0x8</size>
         <input_file_ref idref="fl-ef"/>
      </object_component>
      <object_component id="oc-349">
         <name>.sysmem</name>
         <uninitialized>true</uninitialized>
         <run_address>0x20003528</run_address>
         <size>0x0</size>
      </object_component>
      <object_component id="oc-2f">
         <name>.stack</name>
         <uninitialized>true</uninitialized>
         <run_address>0x2000fe00</run_address>
         <size>0x0</size>
         <input_file_ref idref="fl-cf"/>
      </object_component>
      <object_component id="oc-348">
         <name>.stack</name>
         <uninitialized>true</uninitialized>
         <run_address>0x2000fe00</run_address>
         <size>0x0</size>
      </object_component>
      <object_component id="oc-1aa">
         <name>.debug_info</name>
         <load_address>0x0</load_address>
         <run_address>0x0</run_address>
         <size>0x520</size>
         <input_file_ref idref="fl-2"/>
      </object_component>
      <object_component id="oc-132">
         <name>.debug_info</name>
         <load_address>0x520</load_address>
         <run_address>0x520</run_address>
         <size>0x31d</size>
         <input_file_ref idref="fl-2"/>
      </object_component>
      <object_component id="oc-178">
         <name>.debug_info</name>
         <load_address>0x83d</load_address>
         <run_address>0x83d</run_address>
         <size>0x37e2</size>
         <input_file_ref idref="fl-2"/>
      </object_component>
      <object_component id="oc-17d">
         <name>.debug_info</name>
         <load_address>0x401f</load_address>
         <run_address>0x401f</run_address>
         <size>0x1055</size>
         <input_file_ref idref="fl-2"/>
      </object_component>
      <object_component id="oc-39">
         <name>.debug_info</name>
         <load_address>0x5074</load_address>
         <run_address>0x5074</run_address>
         <size>0x84</size>
         <input_file_ref idref="fl-2"/>
      </object_component>
      <object_component id="oc-e1">
         <name>.debug_info</name>
         <load_address>0x50f8</load_address>
         <run_address>0x50f8</run_address>
         <size>0x18b</size>
         <input_file_ref idref="fl-2"/>
      </object_component>
      <object_component id="oc-f7">
         <name>.debug_info</name>
         <load_address>0x5283</load_address>
         <run_address>0x5283</run_address>
         <size>0x551</size>
         <input_file_ref idref="fl-3"/>
      </object_component>
      <object_component id="oc-91">
         <name>.debug_info</name>
         <load_address>0x57d4</load_address>
         <run_address>0x57d4</run_address>
         <size>0x285</size>
         <input_file_ref idref="fl-3"/>
      </object_component>
      <object_component id="oc-19e">
         <name>.debug_info</name>
         <load_address>0x5a59</load_address>
         <run_address>0x5a59</run_address>
         <size>0x188</size>
         <input_file_ref idref="fl-4"/>
      </object_component>
      <object_component id="oc-122">
         <name>.debug_info</name>
         <load_address>0x5be1</load_address>
         <run_address>0x5be1</run_address>
         <size>0x360</size>
         <input_file_ref idref="fl-4"/>
      </object_component>
      <object_component id="oc-11b">
         <name>.debug_info</name>
         <load_address>0x5f41</load_address>
         <run_address>0x5f41</run_address>
         <size>0x321</size>
         <input_file_ref idref="fl-5"/>
      </object_component>
      <object_component id="oc-f2">
         <name>.debug_info</name>
         <load_address>0x6262</load_address>
         <run_address>0x6262</run_address>
         <size>0x66c</size>
         <input_file_ref idref="fl-6"/>
      </object_component>
      <object_component id="oc-8d">
         <name>.debug_info</name>
         <load_address>0x68ce</load_address>
         <run_address>0x68ce</run_address>
         <size>0x1065</size>
         <input_file_ref idref="fl-6"/>
      </object_component>
      <object_component id="oc-187">
         <name>.debug_info</name>
         <load_address>0x7933</load_address>
         <run_address>0x7933</run_address>
         <size>0x2d6</size>
         <input_file_ref idref="fl-7"/>
      </object_component>
      <object_component id="oc-ec">
         <name>.debug_info</name>
         <load_address>0x7c09</load_address>
         <run_address>0x7c09</run_address>
         <size>0x543</size>
         <input_file_ref idref="fl-7"/>
      </object_component>
      <object_component id="oc-1ea">
         <name>.debug_info</name>
         <load_address>0x814c</load_address>
         <run_address>0x814c</run_address>
         <size>0x76</size>
         <input_file_ref idref="fl-7"/>
      </object_component>
      <object_component id="oc-151">
         <name>.debug_info</name>
         <load_address>0x81c2</load_address>
         <run_address>0x81c2</run_address>
         <size>0x2d1</size>
         <input_file_ref idref="fl-8"/>
      </object_component>
      <object_component id="oc-1ac">
         <name>.debug_info</name>
         <load_address>0x8493</load_address>
         <run_address>0x8493</run_address>
         <size>0x697</size>
         <input_file_ref idref="fl-9"/>
      </object_component>
      <object_component id="oc-138">
         <name>.debug_info</name>
         <load_address>0x8b2a</load_address>
         <run_address>0x8b2a</run_address>
         <size>0x4d3</size>
         <input_file_ref idref="fl-9"/>
      </object_component>
      <object_component id="oc-144">
         <name>.debug_info</name>
         <load_address>0x8ffd</load_address>
         <run_address>0x8ffd</run_address>
         <size>0xce2</size>
         <input_file_ref idref="fl-a"/>
      </object_component>
      <object_component id="oc-14d">
         <name>.debug_info</name>
         <load_address>0x9cdf</load_address>
         <run_address>0x9cdf</run_address>
         <size>0x11a</size>
         <input_file_ref idref="fl-a"/>
      </object_component>
      <object_component id="oc-c4">
         <name>.debug_info</name>
         <load_address>0x9df9</load_address>
         <run_address>0x9df9</run_address>
         <size>0x1c22</size>
         <input_file_ref idref="fl-a"/>
      </object_component>
      <object_component id="oc-ac">
         <name>.debug_info</name>
         <load_address>0xba1b</load_address>
         <run_address>0xba1b</run_address>
         <size>0x2c</size>
         <input_file_ref idref="fl-a"/>
      </object_component>
      <object_component id="oc-126">
         <name>.debug_info</name>
         <load_address>0xba47</load_address>
         <run_address>0xba47</run_address>
         <size>0x302</size>
         <input_file_ref idref="fl-b"/>
      </object_component>
      <object_component id="oc-12e">
         <name>.debug_info</name>
         <load_address>0xbd49</load_address>
         <run_address>0xbd49</run_address>
         <size>0x5b3</size>
         <input_file_ref idref="fl-c"/>
      </object_component>
      <object_component id="oc-1a5">
         <name>.debug_info</name>
         <load_address>0xc2fc</load_address>
         <run_address>0xc2fc</run_address>
         <size>0x2b8</size>
         <input_file_ref idref="fl-d"/>
      </object_component>
      <object_component id="oc-1e2">
         <name>.debug_info</name>
         <load_address>0xc5b4</load_address>
         <run_address>0xc5b4</run_address>
         <size>0x56f</size>
         <input_file_ref idref="fl-e"/>
      </object_component>
      <object_component id="oc-1df">
         <name>.debug_info</name>
         <load_address>0xcb23</load_address>
         <run_address>0xcb23</run_address>
         <size>0xd8</size>
         <input_file_ref idref="fl-e"/>
      </object_component>
      <object_component id="oc-158">
         <name>.debug_info</name>
         <load_address>0xcbfb</load_address>
         <run_address>0xcbfb</run_address>
         <size>0x8c1</size>
         <input_file_ref idref="fl-e"/>
      </object_component>
      <object_component id="oc-236">
         <name>.debug_info</name>
         <load_address>0xd4bc</load_address>
         <run_address>0xd4bc</run_address>
         <size>0x37e2</size>
         <input_file_ref idref="fl-e"/>
      </object_component>
      <object_component id="oc-ea">
         <name>.debug_info</name>
         <load_address>0x10c9e</load_address>
         <run_address>0x10c9e</run_address>
         <size>0x536</size>
         <input_file_ref idref="fl-10"/>
      </object_component>
      <object_component id="oc-e7">
         <name>.debug_info</name>
         <load_address>0x111d4</load_address>
         <run_address>0x111d4</run_address>
         <size>0x110</size>
         <input_file_ref idref="fl-10"/>
      </object_component>
      <object_component id="oc-87">
         <name>.debug_info</name>
         <load_address>0x112e4</load_address>
         <run_address>0x112e4</run_address>
         <size>0x363</size>
         <input_file_ref idref="fl-10"/>
      </object_component>
      <object_component id="oc-de">
         <name>.debug_info</name>
         <load_address>0x11647</load_address>
         <run_address>0x11647</run_address>
         <size>0x54b</size>
         <input_file_ref idref="fl-11"/>
      </object_component>
      <object_component id="oc-80">
         <name>.debug_info</name>
         <load_address>0x11b92</load_address>
         <run_address>0x11b92</run_address>
         <size>0x27a</size>
         <input_file_ref idref="fl-11"/>
      </object_component>
      <object_component id="oc-1bb">
         <name>.debug_info</name>
         <load_address>0x11e0c</load_address>
         <run_address>0x11e0c</run_address>
         <size>0x75e</size>
         <input_file_ref idref="fl-12"/>
      </object_component>
      <object_component id="oc-13e">
         <name>.debug_info</name>
         <load_address>0x1256a</load_address>
         <run_address>0x1256a</run_address>
         <size>0x16d4</size>
         <input_file_ref idref="fl-12"/>
      </object_component>
      <object_component id="oc-1f8">
         <name>.debug_info</name>
         <load_address>0x13c3e</load_address>
         <run_address>0x13c3e</run_address>
         <size>0xc8</size>
         <input_file_ref idref="fl-12"/>
      </object_component>
      <object_component id="oc-1d4">
         <name>.debug_info</name>
         <load_address>0x13d06</load_address>
         <run_address>0x13d06</run_address>
         <size>0x2c</size>
         <input_file_ref idref="fl-12"/>
      </object_component>
      <object_component id="oc-98">
         <name>.debug_info</name>
         <load_address>0x13d32</load_address>
         <run_address>0x13d32</run_address>
         <size>0x2a7</size>
         <input_file_ref idref="fl-13"/>
      </object_component>
      <object_component id="oc-2d">
         <name>.debug_info</name>
         <load_address>0x13fd9</load_address>
         <run_address>0x13fd9</run_address>
         <size>0xe5</size>
         <input_file_ref idref="fl-13"/>
      </object_component>
      <object_component id="oc-79">
         <name>.debug_info</name>
         <load_address>0x140be</load_address>
         <run_address>0x140be</run_address>
         <size>0x1ac</size>
         <input_file_ref idref="fl-13"/>
      </object_component>
      <object_component id="oc-173">
         <name>.debug_info</name>
         <load_address>0x1426a</load_address>
         <run_address>0x1426a</run_address>
         <size>0xde</size>
         <input_file_ref idref="fl-14"/>
      </object_component>
      <object_component id="oc-d7">
         <name>.debug_info</name>
         <load_address>0x14348</load_address>
         <run_address>0x14348</run_address>
         <size>0x250</size>
         <input_file_ref idref="fl-14"/>
      </object_component>
      <object_component id="oc-20e">
         <name>.debug_info</name>
         <load_address>0x14598</load_address>
         <run_address>0x14598</run_address>
         <size>0x430</size>
         <input_file_ref idref="fl-ce"/>
      </object_component>
      <object_component id="oc-1c0">
         <name>.debug_info</name>
         <load_address>0x149c8</load_address>
         <run_address>0x149c8</run_address>
         <size>0x2d0</size>
         <input_file_ref idref="fl-ce"/>
      </object_component>
      <object_component id="oc-27f">
         <name>.debug_info</name>
         <load_address>0x14c98</load_address>
         <run_address>0x14c98</run_address>
         <size>0xea</size>
         <input_file_ref idref="fl-ce"/>
      </object_component>
      <object_component id="oc-27a">
         <name>.debug_info</name>
         <load_address>0x14d82</load_address>
         <run_address>0x14d82</run_address>
         <size>0x2c</size>
         <input_file_ref idref="fl-ce"/>
      </object_component>
      <object_component id="oc-27">
         <name>.debug_info</name>
         <load_address>0x14dae</load_address>
         <run_address>0x14dae</run_address>
         <size>0x160</size>
         <input_file_ref idref="fl-cf"/>
      </object_component>
      <object_component id="oc-a2">
         <name>.debug_info</name>
         <load_address>0x14f0e</load_address>
         <run_address>0x14f0e</run_address>
         <size>0x293</size>
         <input_file_ref idref="fl-d0"/>
      </object_component>
      <object_component id="oc-15">
         <name>.debug_info</name>
         <load_address>0x151a1</load_address>
         <run_address>0x151a1</run_address>
         <size>0x245</size>
         <input_file_ref idref="fl-d0"/>
      </object_component>
      <object_component id="oc-34">
         <name>.debug_info</name>
         <load_address>0x153e6</load_address>
         <run_address>0x153e6</run_address>
         <size>0x60</size>
         <input_file_ref idref="fl-d0"/>
      </object_component>
      <object_component id="oc-9d">
         <name>.debug_info</name>
         <load_address>0x15446</load_address>
         <run_address>0x15446</run_address>
         <size>0x46</size>
         <input_file_ref idref="fl-d0"/>
      </object_component>
      <object_component id="oc-49">
         <name>.debug_info</name>
         <load_address>0x1548c</load_address>
         <run_address>0x1548c</run_address>
         <size>0x2da</size>
         <input_file_ref idref="fl-d1"/>
      </object_component>
      <object_component id="oc-1b">
         <name>.debug_info</name>
         <load_address>0x15766</load_address>
         <run_address>0x15766</run_address>
         <size>0x1df</size>
         <input_file_ref idref="fl-d1"/>
      </object_component>
      <object_component id="oc-44">
         <name>.debug_info</name>
         <load_address>0x15945</load_address>
         <run_address>0x15945</run_address>
         <size>0x46</size>
         <input_file_ref idref="fl-d1"/>
      </object_component>
      <object_component id="oc-a4">
         <name>.debug_info</name>
         <load_address>0x1598b</load_address>
         <run_address>0x1598b</run_address>
         <size>0x2c</size>
         <input_file_ref idref="fl-d1"/>
      </object_component>
      <object_component id="oc-55">
         <name>.debug_info</name>
         <load_address>0x159b7</load_address>
         <run_address>0x159b7</run_address>
         <size>0x2c9</size>
         <input_file_ref idref="fl-d2"/>
      </object_component>
      <object_component id="oc-21">
         <name>.debug_info</name>
         <load_address>0x15c80</load_address>
         <run_address>0x15c80</run_address>
         <size>0x1aa</size>
         <input_file_ref idref="fl-d2"/>
      </object_component>
      <object_component id="oc-50">
         <name>.debug_info</name>
         <load_address>0x15e2a</load_address>
         <run_address>0x15e2a</run_address>
         <size>0x46</size>
         <input_file_ref idref="fl-d2"/>
      </object_component>
      <object_component id="oc-230">
         <name>.debug_info</name>
         <load_address>0x15e70</load_address>
         <run_address>0x15e70</run_address>
         <size>0x139</size>
         <input_file_ref idref="fl-d3"/>
      </object_component>
      <object_component id="oc-1d1">
         <name>.debug_info</name>
         <load_address>0x15fa9</load_address>
         <run_address>0x15fa9</run_address>
         <size>0xf7</size>
         <input_file_ref idref="fl-d3"/>
      </object_component>
      <object_component id="oc-21c">
         <name>.debug_info</name>
         <load_address>0x160a0</load_address>
         <run_address>0x160a0</run_address>
         <size>0x184</size>
         <input_file_ref idref="fl-d3"/>
      </object_component>
      <object_component id="oc-2a3">
         <name>.debug_info</name>
         <load_address>0x16224</load_address>
         <run_address>0x16224</run_address>
         <size>0xae</size>
         <input_file_ref idref="fl-d3"/>
      </object_component>
      <object_component id="oc-d2">
         <name>.debug_info</name>
         <load_address>0x162d2</load_address>
         <run_address>0x162d2</run_address>
         <size>0x3ce</size>
         <input_file_ref idref="fl-d4"/>
      </object_component>
      <object_component id="oc-cc">
         <name>.debug_info</name>
         <load_address>0x166a0</load_address>
         <run_address>0x166a0</run_address>
         <size>0x185</size>
         <input_file_ref idref="fl-d4"/>
      </object_component>
      <object_component id="oc-72">
         <name>.debug_info</name>
         <load_address>0x16825</load_address>
         <run_address>0x16825</run_address>
         <size>0x214</size>
         <input_file_ref idref="fl-d4"/>
      </object_component>
      <object_component id="oc-220">
         <name>.debug_info</name>
         <load_address>0x16a39</load_address>
         <run_address>0x16a39</run_address>
         <size>0x3d6</size>
         <input_file_ref idref="fl-d5"/>
      </object_component>
      <object_component id="oc-1c6">
         <name>.debug_info</name>
         <load_address>0x16e0f</load_address>
         <run_address>0x16e0f</run_address>
         <size>0x455</size>
         <input_file_ref idref="fl-d5"/>
      </object_component>
      <object_component id="oc-fe">
         <name>.debug_info</name>
         <load_address>0x17264</load_address>
         <run_address>0x17264</run_address>
         <size>0x2c</size>
         <input_file_ref idref="fl-d5"/>
      </object_component>
      <object_component id="oc-248">
         <name>.debug_info</name>
         <load_address>0x17290</load_address>
         <run_address>0x17290</run_address>
         <size>0x417</size>
         <input_file_ref idref="fl-d6"/>
      </object_component>
      <object_component id="oc-200">
         <name>.debug_info</name>
         <load_address>0x176a7</load_address>
         <run_address>0x176a7</run_address>
         <size>0x282</size>
         <input_file_ref idref="fl-d6"/>
      </object_component>
      <object_component id="oc-3f">
         <name>.debug_info</name>
         <load_address>0x17929</load_address>
         <run_address>0x17929</run_address>
         <size>0x111</size>
         <input_file_ref idref="fl-d7"/>
      </object_component>
      <object_component id="oc-4b">
         <name>.debug_info</name>
         <load_address>0x17a3a</load_address>
         <run_address>0x17a3a</run_address>
         <size>0x13f</size>
         <input_file_ref idref="fl-d8"/>
      </object_component>
      <object_component id="oc-5a">
         <name>.debug_info</name>
         <load_address>0x17b79</load_address>
         <run_address>0x17b79</run_address>
         <size>0x138</size>
         <input_file_ref idref="fl-d9"/>
      </object_component>
      <object_component id="oc-289">
         <name>.debug_info</name>
         <load_address>0x17cb1</load_address>
         <run_address>0x17cb1</run_address>
         <size>0x3f7</size>
         <input_file_ref idref="fl-da"/>
      </object_component>
      <object_component id="oc-210">
         <name>.debug_info</name>
         <load_address>0x180a8</load_address>
         <run_address>0x180a8</run_address>
         <size>0x23a</size>
         <input_file_ref idref="fl-da"/>
      </object_component>
      <object_component id="oc-2dc">
         <name>.debug_info</name>
         <load_address>0x182e2</load_address>
         <run_address>0x182e2</run_address>
         <size>0x120</size>
         <input_file_ref idref="fl-da"/>
      </object_component>
      <object_component id="oc-5d">
         <name>.debug_info</name>
         <load_address>0x18402</load_address>
         <run_address>0x18402</run_address>
         <size>0x148</size>
         <input_file_ref idref="fl-db"/>
      </object_component>
      <object_component id="oc-228">
         <name>.debug_info</name>
         <load_address>0x1854a</load_address>
         <run_address>0x1854a</run_address>
         <size>0x35a</size>
         <input_file_ref idref="fl-dc"/>
      </object_component>
      <object_component id="oc-1cc">
         <name>.debug_info</name>
         <load_address>0x188a4</load_address>
         <run_address>0x188a4</run_address>
         <size>0x200</size>
         <input_file_ref idref="fl-dc"/>
      </object_component>
      <object_component id="oc-229">
         <name>.debug_info</name>
         <load_address>0x18aa4</load_address>
         <run_address>0x18aa4</run_address>
         <size>0xbb</size>
         <input_file_ref idref="fl-dc"/>
      </object_component>
      <object_component id="oc-75">
         <name>.debug_info</name>
         <load_address>0x18b5f</load_address>
         <run_address>0x18b5f</run_address>
         <size>0x109</size>
         <input_file_ref idref="fl-dd"/>
      </object_component>
      <object_component id="oc-2b3">
         <name>.debug_info</name>
         <load_address>0x18c68</load_address>
         <run_address>0x18c68</run_address>
         <size>0x28f</size>
         <input_file_ref idref="fl-de"/>
      </object_component>
      <object_component id="oc-245">
         <name>.debug_info</name>
         <load_address>0x18ef7</load_address>
         <run_address>0x18ef7</run_address>
         <size>0x244</size>
         <input_file_ref idref="fl-de"/>
      </object_component>
      <object_component id="oc-2b1">
         <name>.debug_info</name>
         <load_address>0x1913b</load_address>
         <run_address>0x1913b</run_address>
         <size>0x27f</size>
         <input_file_ref idref="fl-df"/>
      </object_component>
      <object_component id="oc-23c">
         <name>.debug_info</name>
         <load_address>0x193ba</load_address>
         <run_address>0x193ba</run_address>
         <size>0x258</size>
         <input_file_ref idref="fl-df"/>
      </object_component>
      <object_component id="oc-24a">
         <name>.debug_info</name>
         <load_address>0x19612</load_address>
         <run_address>0x19612</run_address>
         <size>0x290</size>
         <input_file_ref idref="fl-e0"/>
      </object_component>
      <object_component id="oc-205">
         <name>.debug_info</name>
         <load_address>0x198a2</load_address>
         <run_address>0x198a2</run_address>
         <size>0x259</size>
         <input_file_ref idref="fl-e0"/>
      </object_component>
      <object_component id="oc-277">
         <name>.debug_info</name>
         <load_address>0x19afb</load_address>
         <run_address>0x19afb</run_address>
         <size>0x4c5</size>
         <input_file_ref idref="fl-e1"/>
      </object_component>
      <object_component id="oc-20b">
         <name>.debug_info</name>
         <load_address>0x19fc0</load_address>
         <run_address>0x19fc0</run_address>
         <size>0xf8</size>
         <input_file_ref idref="fl-e1"/>
      </object_component>
      <object_component id="oc-286">
         <name>.debug_info</name>
         <load_address>0x1a0b8</load_address>
         <run_address>0x1a0b8</run_address>
         <size>0xf8</size>
         <input_file_ref idref="fl-e1"/>
      </object_component>
      <object_component id="oc-2e8">
         <name>.debug_info</name>
         <load_address>0x1a1b0</load_address>
         <run_address>0x1a1b0</run_address>
         <size>0x184</size>
         <input_file_ref idref="fl-e1"/>
      </object_component>
      <object_component id="oc-16e">
         <name>.debug_info</name>
         <load_address>0x1a334</load_address>
         <run_address>0x1a334</run_address>
         <size>0x2be</size>
         <input_file_ref idref="fl-e2"/>
      </object_component>
      <object_component id="oc-cf">
         <name>.debug_info</name>
         <load_address>0x1a5f2</load_address>
         <run_address>0x1a5f2</run_address>
         <size>0x113</size>
         <input_file_ref idref="fl-e2"/>
      </object_component>
      <object_component id="oc-168">
         <name>.debug_info</name>
         <load_address>0x1a705</load_address>
         <run_address>0x1a705</run_address>
         <size>0x21f</size>
         <input_file_ref idref="fl-e2"/>
      </object_component>
      <object_component id="oc-ca">
         <name>.debug_info</name>
         <load_address>0x1a924</load_address>
         <run_address>0x1a924</run_address>
         <size>0x300</size>
         <input_file_ref idref="fl-e3"/>
      </object_component>
      <object_component id="oc-6c">
         <name>.debug_info</name>
         <load_address>0x1ac24</load_address>
         <run_address>0x1ac24</run_address>
         <size>0x167</size>
         <input_file_ref idref="fl-e3"/>
      </object_component>
      <object_component id="oc-15f">
         <name>.debug_info</name>
         <load_address>0x1ad8b</load_address>
         <run_address>0x1ad8b</run_address>
         <size>0x5e</size>
         <input_file_ref idref="fl-e3"/>
      </object_component>
      <object_component id="oc-c2">
         <name>.debug_info</name>
         <load_address>0x1ade9</load_address>
         <run_address>0x1ade9</run_address>
         <size>0x483</size>
         <input_file_ref idref="fl-e4"/>
      </object_component>
      <object_component id="oc-66">
         <name>.debug_info</name>
         <load_address>0x1b26c</load_address>
         <run_address>0x1b26c</run_address>
         <size>0x190</size>
         <input_file_ref idref="fl-e4"/>
      </object_component>
      <object_component id="oc-10f">
         <name>.debug_info</name>
         <load_address>0x1b3fc</load_address>
         <run_address>0x1b3fc</run_address>
         <size>0x39</size>
         <input_file_ref idref="fl-e4"/>
      </object_component>
      <object_component id="oc-197">
         <name>.debug_info</name>
         <load_address>0x1b435</load_address>
         <run_address>0x1b435</run_address>
         <size>0x39</size>
         <input_file_ref idref="fl-e4"/>
      </object_component>
      <object_component id="oc-114">
         <name>.debug_info</name>
         <load_address>0x1b46e</load_address>
         <run_address>0x1b46e</run_address>
         <size>0xcd</size>
         <input_file_ref idref="fl-e4"/>
      </object_component>
      <object_component id="oc-10b">
         <name>.debug_info</name>
         <load_address>0x1b53b</load_address>
         <run_address>0x1b53b</run_address>
         <size>0x37a</size>
         <input_file_ref idref="fl-e5"/>
      </object_component>
      <object_component id="oc-b7">
         <name>.debug_info</name>
         <load_address>0x1b8b5</load_address>
         <run_address>0x1b8b5</run_address>
         <size>0x183</size>
         <input_file_ref idref="fl-e5"/>
      </object_component>
      <object_component id="oc-192">
         <name>.debug_info</name>
         <load_address>0x1ba38</load_address>
         <run_address>0x1ba38</run_address>
         <size>0x2c</size>
         <input_file_ref idref="fl-e5"/>
      </object_component>
      <object_component id="oc-29e">
         <name>.debug_info</name>
         <load_address>0x1ba64</load_address>
         <run_address>0x1ba64</run_address>
         <size>0x39a</size>
         <input_file_ref idref="fl-e6"/>
      </object_component>
      <object_component id="oc-216">
         <name>.debug_info</name>
         <load_address>0x1bdfe</load_address>
         <run_address>0x1bdfe</run_address>
         <size>0x298</size>
         <input_file_ref idref="fl-e6"/>
      </object_component>
      <object_component id="oc-2ec">
         <name>.debug_info</name>
         <load_address>0x1c096</load_address>
         <run_address>0x1c096</run_address>
         <size>0x33c</size>
         <input_file_ref idref="fl-e7"/>
      </object_component>
      <object_component id="oc-28b">
         <name>.debug_info</name>
         <load_address>0x1c3d2</load_address>
         <run_address>0x1c3d2</run_address>
         <size>0x25a</size>
         <input_file_ref idref="fl-e7"/>
      </object_component>
      <object_component id="oc-2c9">
         <name>.debug_info</name>
         <load_address>0x1c62c</load_address>
         <run_address>0x1c62c</run_address>
         <size>0x368</size>
         <input_file_ref idref="fl-e8"/>
      </object_component>
      <object_component id="oc-254">
         <name>.debug_info</name>
         <load_address>0x1c994</load_address>
         <run_address>0x1c994</run_address>
         <size>0x1b1</size>
         <input_file_ref idref="fl-e8"/>
      </object_component>
      <object_component id="oc-2cf">
         <name>.debug_info</name>
         <load_address>0x1cb45</load_address>
         <run_address>0x1cb45</run_address>
         <size>0x36d</size>
         <input_file_ref idref="fl-e9"/>
      </object_component>
      <object_component id="oc-264">
         <name>.debug_info</name>
         <load_address>0x1ceb2</load_address>
         <run_address>0x1ceb2</run_address>
         <size>0x205</size>
         <input_file_ref idref="fl-e9"/>
      </object_component>
      <object_component id="oc-2c5">
         <name>.debug_info</name>
         <load_address>0x1d0b7</load_address>
         <run_address>0x1d0b7</run_address>
         <size>0x3cb</size>
         <input_file_ref idref="fl-ea"/>
      </object_component>
      <object_component id="oc-24f">
         <name>.debug_info</name>
         <load_address>0x1d482</load_address>
         <run_address>0x1d482</run_address>
         <size>0x201</size>
         <input_file_ref idref="fl-ea"/>
      </object_component>
      <object_component id="oc-2cb">
         <name>.debug_info</name>
         <load_address>0x1d683</load_address>
         <run_address>0x1d683</run_address>
         <size>0x36c</size>
         <input_file_ref idref="fl-eb"/>
      </object_component>
      <object_component id="oc-258">
         <name>.debug_info</name>
         <load_address>0x1d9ef</load_address>
         <run_address>0x1d9ef</run_address>
         <size>0x1f0</size>
         <input_file_ref idref="fl-eb"/>
      </object_component>
      <object_component id="oc-2d9">
         <name>.debug_info</name>
         <load_address>0x1dbdf</load_address>
         <run_address>0x1dbdf</run_address>
         <size>0x3f3</size>
         <input_file_ref idref="fl-ec"/>
      </object_component>
      <object_component id="oc-270">
         <name>.debug_info</name>
         <load_address>0x1dfd2</load_address>
         <run_address>0x1dfd2</run_address>
         <size>0x22b</size>
         <input_file_ref idref="fl-ec"/>
      </object_component>
      <object_component id="oc-2d1">
         <name>.debug_info</name>
         <load_address>0x1e1fd</load_address>
         <run_address>0x1e1fd</run_address>
         <size>0x3be</size>
         <input_file_ref idref="fl-ed"/>
      </object_component>
      <object_component id="oc-26b">
         <name>.debug_info</name>
         <load_address>0x1e5bb</load_address>
         <run_address>0x1e5bb</run_address>
         <size>0x1bb</size>
         <input_file_ref idref="fl-ed"/>
      </object_component>
      <object_component id="oc-2cd">
         <name>.debug_info</name>
         <load_address>0x1e776</load_address>
         <run_address>0x1e776</run_address>
         <size>0x36d</size>
         <input_file_ref idref="fl-ee"/>
      </object_component>
      <object_component id="oc-25e">
         <name>.debug_info</name>
         <load_address>0x1eae3</load_address>
         <run_address>0x1eae3</run_address>
         <size>0x1f5</size>
         <input_file_ref idref="fl-ee"/>
      </object_component>
      <object_component id="oc-9b">
         <name>.debug_info</name>
         <load_address>0x1ecd8</load_address>
         <run_address>0x1ecd8</run_address>
         <size>0x3bc</size>
         <input_file_ref idref="fl-ef"/>
      </object_component>
      <object_component id="oc-31">
         <name>.debug_info</name>
         <load_address>0x1f094</load_address>
         <run_address>0x1f094</run_address>
         <size>0x101</size>
         <input_file_ref idref="fl-ef"/>
      </object_component>
      <object_component id="oc-2a9">
         <name>.debug_info</name>
         <load_address>0x1f195</load_address>
         <run_address>0x1f195</run_address>
         <size>0x14c</size>
         <input_file_ref idref="fl-ef"/>
      </object_component>
      <object_component id="oc-222">
         <name>.debug_info</name>
         <load_address>0x1f2e1</load_address>
         <run_address>0x1f2e1</run_address>
         <size>0x885</size>
         <input_file_ref idref="fl-ef"/>
      </object_component>
      <object_component id="oc-103">
         <name>.debug_info</name>
         <load_address>0x1fb66</load_address>
         <run_address>0x1fb66</run_address>
         <size>0x62</size>
         <input_file_ref idref="fl-ef"/>
      </object_component>
      <object_component id="oc-bc">
         <name>.debug_info</name>
         <load_address>0x1fbc8</load_address>
         <run_address>0x1fbc8</run_address>
         <size>0x145</size>
         <input_file_ref idref="fl-f1"/>
      </object_component>
      <object_component id="oc-30d">
         <name>.debug_info</name>
         <load_address>0x1fd0d</load_address>
         <run_address>0x1fd0d</run_address>
         <size>0x28a</size>
         <input_file_ref idref="fl-f2"/>
      </object_component>
      <object_component id="oc-2d3">
         <name>.debug_info</name>
         <load_address>0x1ff97</load_address>
         <run_address>0x1ff97</run_address>
         <size>0x231</size>
         <input_file_ref idref="fl-f2"/>
      </object_component>
      <object_component id="oc-2fa">
         <name>.debug_info</name>
         <load_address>0x201c8</load_address>
         <run_address>0x201c8</run_address>
         <size>0x284</size>
         <input_file_ref idref="fl-f3"/>
      </object_component>
      <object_component id="oc-2ba">
         <name>.debug_info</name>
         <load_address>0x2044c</load_address>
         <run_address>0x2044c</run_address>
         <size>0x22a</size>
         <input_file_ref idref="fl-f3"/>
      </object_component>
      <object_component id="oc-2ff">
         <name>.debug_info</name>
         <load_address>0x20676</load_address>
         <run_address>0x20676</run_address>
         <size>0x2b0</size>
         <input_file_ref idref="fl-f4"/>
      </object_component>
      <object_component id="oc-2fc">
         <name>.debug_info</name>
         <load_address>0x20926</load_address>
         <run_address>0x20926</run_address>
         <size>0xfd</size>
         <input_file_ref idref="fl-f4"/>
      </object_component>
      <object_component id="oc-2c1">
         <name>.debug_info</name>
         <load_address>0x20a23</load_address>
         <run_address>0x20a23</run_address>
         <size>0x281</size>
         <input_file_ref idref="fl-f4"/>
      </object_component>
      <object_component id="oc-2f0">
         <name>.debug_info</name>
         <load_address>0x20ca4</load_address>
         <run_address>0x20ca4</run_address>
         <size>0x3c6</size>
         <input_file_ref idref="fl-f5"/>
      </object_component>
      <object_component id="oc-297">
         <name>.debug_info</name>
         <load_address>0x2106a</load_address>
         <run_address>0x2106a</run_address>
         <size>0x19a</size>
         <input_file_ref idref="fl-f5"/>
      </object_component>
      <object_component id="oc-2ee">
         <name>.debug_info</name>
         <load_address>0x21204</load_address>
         <run_address>0x21204</run_address>
         <size>0x3c4</size>
         <input_file_ref idref="fl-f6"/>
      </object_component>
      <object_component id="oc-291">
         <name>.debug_info</name>
         <load_address>0x215c8</load_address>
         <run_address>0x215c8</run_address>
         <size>0x18a</size>
         <input_file_ref idref="fl-f6"/>
      </object_component>
      <object_component id="oc-34a">
         <name>.debug_info</name>
         <load_address>0x21752</load_address>
         <run_address>0x21752</run_address>
         <size>0x94</size>
      </object_component>
      <object_component id="oc-1f3">
         <name>.debug_line</name>
         <load_address>0x0</load_address>
         <run_address>0x0</run_address>
         <size>0x20</size>
         <input_file_ref idref="fl-2"/>
      </object_component>
      <object_component id="oc-135">
         <name>.debug_line</name>
         <load_address>0x20</load_address>
         <run_address>0x20</run_address>
         <size>0xd0</size>
         <input_file_ref idref="fl-2"/>
      </object_component>
      <object_component id="oc-17b">
         <name>.debug_line</name>
         <load_address>0xf0</load_address>
         <run_address>0xf0</run_address>
         <size>0x52</size>
         <input_file_ref idref="fl-2"/>
      </object_component>
      <object_component id="oc-180">
         <name>.debug_line</name>
         <load_address>0x142</load_address>
         <run_address>0x142</run_address>
         <size>0x55</size>
         <input_file_ref idref="fl-2"/>
      </object_component>
      <object_component id="oc-3c">
         <name>.debug_line</name>
         <load_address>0x197</load_address>
         <run_address>0x197</run_address>
         <size>0x20</size>
         <input_file_ref idref="fl-2"/>
      </object_component>
      <object_component id="oc-e4">
         <name>.debug_line</name>
         <load_address>0x1b7</load_address>
         <run_address>0x1b7</run_address>
         <size>0x65</size>
         <input_file_ref idref="fl-2"/>
      </object_component>
      <object_component id="oc-18f">
         <name>.debug_line</name>
         <load_address>0x21c</load_address>
         <run_address>0x21c</run_address>
         <size>0x42</size>
         <input_file_ref idref="fl-3"/>
      </object_component>
      <object_component id="oc-95">
         <name>.debug_line</name>
         <load_address>0x25e</load_address>
         <run_address>0x25e</run_address>
         <size>0x9b</size>
         <input_file_ref idref="fl-3"/>
      </object_component>
      <object_component id="oc-1f0">
         <name>.debug_line</name>
         <load_address>0x2f9</load_address>
         <run_address>0x2f9</run_address>
         <size>0x40</size>
         <input_file_ref idref="fl-4"/>
      </object_component>
      <object_component id="oc-121">
         <name>.debug_line</name>
         <load_address>0x339</load_address>
         <run_address>0x339</run_address>
         <size>0x10d</size>
         <input_file_ref idref="fl-4"/>
[...]
      </symbol>
      <symbol id="sm-453">
         <name>UART0_InUDec</name>
         <value>0xf95</value>
         <object_component_ref idref="oc-13d"/>
      </symbol>
      <symbol id="sm-454">
         <name>UART0_InUHex</name>
         <value>0x1289</value>
         <object_component_ref idref="oc-13d"/>
      </symbol>
      <symbol id="sm-469">
         <name>Reset_Handler</name>
         <value>0x402f</value>
         <object_component_ref idref="oc-78"/>
      </symbol>
      <symbol id="sm-46a">
         <name>Default_Handler</name>
         <value>0x403b</value>
         <object_component_ref idref="oc-78"/>
      </symbol>
      <symbol id="sm-46b">
         <name>interruptVectors</name>
         <value>0x0</value>
         <object_component_ref idref="oc-2c"/>
      </symbol>
      <symbol id="sm-4b1">
         <name>SystemInit</name>
         <value>0x21c1</value>
         <object_component_ref idref="oc-d6"/>
      </symbol>
      <symbol id="sm-4b2">
         <name>SystemCoreClockUpdate</name>
         <value>0x1f4d</value>
         <object_component_ref idref="oc-d6"/>
      </symbol>
      <symbol id="sm-4b3">
         <name>SystemCoreClock</name>
         <value>0x20003b50</value>
         <object_component_ref idref="oc-172"/>
      </symbol>
      <symbol id="sm-4d8">
         <name>add_device</name>
         <value>0x3615</value>
         <object_component_ref idref="oc-1be"/>
      </symbol>
      <symbol id="sm-4e9">
         <name>_c_int00</name>
         <value>0x3d71</value>
         <object_component_ref idref="oc-26"/>
      </symbol>
      <symbol id="sm-4ea">
         <name>__stack</name>
         <value>0x2000fe00</value>
         <object_component_ref idref="oc-2f"/>
      </symbol>
      <symbol id="sm-508">
         <name>__TI_decompress_lzss</name>
         <value>0x3a05</value>
         <object_component_ref idref="oc-14"/>
      </symbol>
      <symbol id="sm-51f">
         <name>__TI_decompress_none</name>
         <value>0x4021</value>
         <object_component_ref idref="oc-1a"/>
      </symbol>
      <symbol id="sm-531">
         <name>__TI_zero_init</name>
         <value>0x403d</value>
         <object_component_ref idref="oc-20"/>
      </symbol>
      <symbol id="sm-54b">
         <name>__TI_tmpnams</name>
         <value>0x20003320</value>
      </symbol>
      <symbol id="sm-54c">
         <name>__aeabi_stdout</name>
         <value>0x20003b10</value>
         <object_component_ref idref="oc-21b"/>
      </symbol>
      <symbol id="sm-54d">
         <name>__aeabi_stderr</name>
         <value>0x20003b14</value>
         <object_component_ref idref="oc-21b"/>
      </symbol>
      <symbol id="sm-54e">
         <name>__aeabi_stdin</name>
         <value>0x20003b0c</value>
         <object_component_ref idref="oc-21b"/>
      </symbol>
      <symbol id="sm-54f">
         <name>_ftable</name>
         <value>0x20003928</value>
         <object_component_ref idref="oc-1d0"/>
      </symbol>
      <symbol id="sm-550">
         <name>__TI_ft_end</name>
         <value>0x20003b08</value>
         <object_component_ref idref="oc-21b"/>
      </symbol>
      <symbol id="sm-571">
         <name>C$$EXIT</name>
         <value>0x3dc5</value>
         <object_component_ref idref="oc-6e"/>
      </symbol>
      <symbol id="sm-572">
         <name>abort</name>
         <value>0x3dc9</value>
         <object_component_ref idref="oc-6e"/>
      </symbol>
      <symbol id="sm-573">
         <name>exit</name>
         <value>0x3dd1</value>
         <object_component_ref idref="oc-6e"/>
      </symbol>
      <symbol id="sm-574">
         <name>__TI_dtors_ptr</name>
         <value>0x20003b1c</value>
         <object_component_ref idref="oc-cb"/>
      </symbol>
      <symbol id="sm-575">
         <name>__TI_cleanup_ptr</name>
         <value>0x20003b18</value>
         <object_component_ref idref="oc-cb"/>
      </symbol>
      <symbol id="sm-576">
         <name>__TI_enable_exit_profile_output</name>
         <value>0x20003b20</value>
         <object_component_ref idref="oc-cb"/>
      </symbol>
      <symbol id="sm-5ad">
         <name>__TI_cleanup</name>
         <value>0x2bd5</value>
         <object_component_ref idref="oc-1c4"/>
      </symbol>
      <symbol id="sm-5ae">
         <name>freopen</name>
         <value>0x2c01</value>
         <object_component_ref idref="oc-1c4"/>
      </symbol>
      <symbol id="sm-5af">
         <name>fopen</name>
         <value>0x2c2b</value>
         <object_component_ref idref="oc-1c4"/>
      </symbol>
      <symbol id="sm-5c4">
         <name>finddevice</name>
         <value>0x3995</value>
         <object_component_ref idref="oc-1fd"/>
      </symbol>
      <symbol id="sm-5c5">
         <name>getdevice</name>
         <value>0x39bf</value>
         <object_component_ref idref="oc-1fd"/>
      </symbol>
      <symbol id="sm-5e0">
         <name>memcpy</name>
         <value>0x3775</value>
         <object_component_ref idref="oc-3e"/>
      </symbol>
      <symbol id="sm-5e1">
         <name>__aeabi_memcpy</name>
         <value>0x3775</value>
         <object_component_ref idref="oc-3e"/>
      </symbol>
      <symbol id="sm-5e2">
         <name>__aeabi_memcpy8</name>
         <value>0x3775</value>
         <object_component_ref idref="oc-3e"/>
      </symbol>
      <symbol id="sm-5e3">
         <name>__aeabi_memcpy4</name>
         <value>0x3775</value>
         <object_component_ref idref="oc-3e"/>
      </symbol>
      <symbol id="sm-5f2">
         <name>__aeabi_memset</name>
         <value>0x38ab</value>
         <object_component_ref idref="oc-4a"/>
      </symbol>
      <symbol id="sm-5f3">
         <name>memset</name>
         <value>0x38b1</value>
         <object_component_ref idref="oc-4a"/>
      </symbol>
      <symbol id="sm-5f4">
         <name>__aeabi_memset8</name>
         <value>0x38ab</value>
         <object_component_ref idref="oc-4a"/>
      </symbol>
      <symbol id="sm-5f5">
         <name>__aeabi_memset4</name>
         <value>0x38ab</value>
         <object_component_ref idref="oc-4a"/>
      </symbol>
      <symbol id="sm-5f6">
         <name>__aeabi_memclr8</name>
         <value>0x38a9</value>
         <object_component_ref idref="oc-4a"/>
      </symbol>
      <symbol id="sm-5f7">
         <name>__aeabi_memclr4</name>
         <value>0x38a9</value>
         <object_component_ref idref="oc-4a"/>
      </symbol>
      <symbol id="sm-5f8">
         <name>__aeabi_memclr</name>
         <value>0x38a9</value>
         <object_component_ref idref="oc-4a"/>
      </symbol>
      <symbol id="sm-602">
         <name>__mpu_init</name>
         <value>0x1b7b</value>
         <object_component_ref idref="oc-56"/>
      </symbol>
      <symbol id="sm-624">
         <name>open</name>
         <value>0x3559</value>
         <object_component_ref idref="oc-20f"/>
      </symbol>
      <symbol id="sm-62e">
         <name>_system_pre_init</name>
         <value>0x4049</value>
         <object_component_ref idref="oc-5c"/>
      </symbol>
      <symbol id="sm-64f">
         <name>setvbuf</name>
         <value>0x33b5</value>
         <object_component_ref idref="oc-1ca"/>
      </symbol>
      <symbol id="sm-657">
         <name>main_func_sp</name>
         <value>0x20003b4c</value>
         <object_component_ref idref="oc-74"/>
      </symbol>
      <symbol id="sm-667">
         <name>strchr</name>
         <value>0x3fcd</value>
         <object_component_ref idref="oc-241"/>
      </symbol>
      <symbol id="sm-676">
         <name>strcmp</name>
         <value>0x3fb5</value>
         <object_component_ref idref="oc-23b"/>
      </symbol>
      <symbol id="sm-686">
         <name>strncpy</name>
         <value>0x3eed</value>
         <object_component_ref idref="oc-203"/>
      </symbol>
      <symbol id="sm-6a2">
         <name>_stream</name>
         <value>0x20003a90</value>
         <object_component_ref idref="oc-285"/>
      </symbol>
      <symbol id="sm-6a3">
         <name>_device</name>
         <value>0x20003a18</value>
         <object_component_ref idref="oc-20a"/>
      </symbol>
      <symbol id="sm-6a4">
         <name>write</name>
         <value>0x3f51</value>
         <object_component_ref idref="oc-2e5"/>
      </symbol>
      <symbol id="sm-6bd">
         <name>_nop</name>
         <value>0x3ff3</value>
         <object_component_ref idref="oc-166"/>
      </symbol>
      <symbol id="sm-6be">
         <name>_lock</name>
         <value>0x20003b30</value>
         <object_component_ref idref="oc-ce"/>
      </symbol>
      <symbol id="sm-6bf">
         <name>_unlock</name>
         <value>0x20003b34</value>
         <object_component_ref idref="oc-ce"/>
      </symbol>
      <symbol id="sm-6c0">
         <name>_register_lock</name>
         <value>0x3feb</value>
         <object_component_ref idref="oc-166"/>
      </symbol>
      <symbol id="sm-6c1">
         <name>_register_unlock</name>
         <value>0x3fe5</value>
         <object_component_ref idref="oc-166"/>
      </symbol>
      <symbol id="sm-6d5">
         <name>_args_main</name>
         <value>0x3f9d</value>
         <object_component_ref idref="oc-68"/>
      </symbol>
      <symbol id="sm-6ff">
         <name>__TI_auto_init</name>
         <value>0x3925</value>
         <object_component_ref idref="oc-62"/>
      </symbol>
      <symbol id="sm-719">
         <name>copy_in</name>
         <value>0x3e19</value>
         <object_component_ref idref="oc-b5"/>
      </symbol>
      <symbol id="sm-72f">
         <name>__TI_closefile</name>
         <value>0x3811</value>
         <object_component_ref idref="oc-215"/>
      </symbol>
      <symbol id="sm-730">
         <name>fclose</name>
         <value>0x3877</value>
         <object_component_ref idref="oc-215"/>
      </symbol>
      <symbol id="sm-74a">
         <name>__TI_doflush</name>
         <value>0x3491</value>
         <object_component_ref idref="oc-28a"/>
      </symbol>
      <symbol id="sm-74b">
         <name>fflush</name>
         <value>0x34dd</value>
         <object_component_ref idref="oc-28a"/>
      </symbol>
      <symbol id="sm-75c">
         <name>HOSTclose</name>
         <value>0x3e65</value>
         <object_component_ref idref="oc-251"/>
      </symbol>
      <symbol id="sm-76d">
         <name>HOSTlseek</name>
         <value>0x3a6d</value>
         <object_component_ref idref="oc-263"/>
      </symbol>
      <symbol id="sm-77f">
         <name>parmbuf</name>
         <value>0x200034d4</value>
      </symbol>
      <symbol id="sm-780">
         <name>HOSTopen</name>
         <value>0x3c05</value>
         <object_component_ref idref="oc-24b"/>
      </symbol>
      <symbol id="sm-791">
         <name>HOSTread</name>
         <value>0x3cc1</value>
         <object_component_ref idref="oc-257"/>
      </symbol>
      <symbol id="sm-7a2">
         <name>HOSTrename</name>
         <value>0x3ad5</value>
         <object_component_ref idref="oc-26f"/>
      </symbol>
      <symbol id="sm-7b3">
         <name>HOSTunlink</name>
         <value>0x3ea9</value>
         <object_component_ref idref="oc-269"/>
      </symbol>
      <symbol id="sm-7c4">
         <name>HOSTwrite</name>
         <value>0x3d19</value>
         <object_component_ref idref="oc-25d"/>
      </symbol>
      <symbol id="sm-836">
         <name>_sys_memory</name>
         <value>0x20003528</value>
         <object_component_ref idref="oc-30"/>
      </symbol>
      <symbol id="sm-837">
         <name>free</name>
         <value>0x1c67</value>
         <object_component_ref idref="oc-221"/>
      </symbol>
      <symbol id="sm-838">
         <name>realloc</name>
         <value>0x1d27</value>
         <object_component_ref idref="oc-221"/>
      </symbol>
      <symbol id="sm-839">
         <name>memalign</name>
         <value>0x1e31</value>
         <object_component_ref idref="oc-221"/>
      </symbol>
      <symbol id="sm-83a">
         <name>calloc</name>
         <value>0x1f1d</value>
         <object_component_ref idref="oc-221"/>
      </symbol>
      <symbol id="sm-83b">
         <name>malloc</name>
         <value>0x1bfd</value>
         <object_component_ref idref="oc-221"/>
      </symbol>
      <symbol id="sm-83c">
         <name>minit</name>
         <value>0x1b7d</value>
         <object_component_ref idref="oc-221"/>
      </symbol>
      <symbol id="sm-847">
         <name>_system_post_cinit</name>
         <value>0x3923</value>
         <object_component_ref idref="oc-bb"/>
      </symbol>
      <symbol id="sm-855">
         <name>strcpy</name>
         <value>0x3ff9</value>
         <object_component_ref idref="oc-2d2"/>
      </symbol>
      <symbol id="sm-863">
         <name>strlen</name>
         <value>0x400d</value>
         <object_component_ref idref="oc-2b8"/>
      </symbol>
      <symbol id="sm-87e">
         <name>__TI_readmsg</name>
         <value>0x3b6f</value>
         <object_component_ref idref="oc-2be"/>
      </symbol>
      <symbol id="sm-87f">
         <name>C$$IO$$</name>
         <value>0x3b6b</value>
         <object_component_ref idref="oc-2be"/>
      </symbol>
      <symbol id="sm-880">
         <name>__CIOBUF_</name>
         <value>0x20003200</value>
         <object_component_ref idref="oc-2fb"/>
      </symbol>
      <symbol id="sm-881">
         <name>__TI_writemsg</name>
         <value>0x3b3d</value>
         <object_component_ref idref="oc-2be"/>
      </symbol>
      <symbol id="sm-891">
         <name>unlink</name>
         <value>0x3f25</value>
         <object_component_ref idref="oc-296"/>
      </symbol>
      <symbol id="sm-8a5">
         <name>close</name>
         <value>0x3c65</value>
         <object_component_ref idref="oc-290"/>
      </symbol>
      <symbol id="sm-8a6">
         <name>__TI_static_base__</name>
         <value>0x0</value>
      </symbol>
      <symbol id="sm-8a9">
         <name>SHT$$INIT_ARRAY$$Limit</name>
         <value>0x0</value>
      </symbol>
      <symbol id="sm-8aa">
         <name>SHT$$INIT_ARRAY$$Base</name>
         <value>0x0</value>
      </symbol>
      <symbol id="sm-8ab">
         <name>NMI_Handler</name>
         <value>0x403b</value>
      </symbol>
      <symbol id="sm-8ac">
         <name>HardFault_Handler</name>
         <value>0x403b</value>
      </symbol>
      <symbol id="sm-8ad">
         <name>MemManage_Handler</name>
         <value>0x403b</value>
      </symbol>
      <symbol id="sm-8ae">
         <name>BusFault_Handler</name>
         <value>0x403b</value>
      </symbol>
      <symbol id="sm-8af">
         <name>UsageFault_Handler</name>
         <value>0x403b</value>
      </symbol>
      <symbol id="sm-8b0">
         <name>SVC_Handler</name>
         <value>0x403b</value>
      </symbol>
      <symbol id="sm-8b1">
         <name>DebugMon_Handler</name>
         <value>0x403b</value>
      </symbol>
      <symbol id="sm-8b2">
         <name>PendSV_Handler</name>
         <value>0x403b</value>
      </symbol>
      <symbol id="sm-8b3">
         <name>SysTick_Handler</name>
         <value>0x403b</value>
      </symbol>
      <symbol id="sm-8b4">
         <name>PSS_IRQHandler</name>
         <value>0x403b</value>
      </symbol>
      <symbol id="sm-8b5">
         <name>CS_IRQHandler</name>
         <value>0x403b</value>
      </symbol>
      <symbol id="sm-8b6">
         <name>PCM_IRQHandler</name>
         <value>0x403b</value>
      </symbol>
      <symbol id="sm-8b7">
         <name>WDT_A_IRQHandler</name>
         <value>0x403b</value>
      </symbol>
      <symbol id="sm-8b8">
         <name>FPU_IRQHandler</name>
         <value>0x403b</value>
      </symbol>
      <symbol id="sm-8b9">
         <name>FLCTL_IRQHandler</name>
         <value>0x403b</value>
      </symbol>
      <symbol id="sm-8ba">
         <name>COMP_E0_IRQHandler</name>
         <value>0x403b</value>
      </symbol>
      <symbol id="sm-8bb">
         <name>COMP_E1_IRQHandler</name>
         <value>0x403b</value>
      </symbol>
      <symbol id="sm-8bc">
         <name>TA0_0_IRQHandler</name>
         <value>0x403b</value>
      </symbol>
      <symbol id="sm-8bd">
         <name>TA0_N_IRQHandler</name>
         <value>0x403b</value>
      </symbol>
      <symbol id="sm-8be">
         <name>TA1_0_IRQHandler</name>
         <value>0x373f</value>
      </symbol>
      <symbol id="sm-8bf">
         <name>TA1_N_IRQHandler</name>
         <value>0x403b</value>
      </symbol>
      <symbol id="sm-8c0">
         <name>TA2_0_IRQHandler</name>
         <value>0x403b</value>
      </symbol>
      <symbol id="sm-8c1">
         <name>TA2_N_IRQHandler</name>
         <value>0x403b</value>
      </symbol>
      <symbol id="sm-8c2">
         <name>TA3_0_IRQHandler</name>
         <value>0x3077</value>
      </symbol>
      <symbol id="sm-8c3">
         <name>TA3_N_IRQHandler</name>
         <value>0x3091</value>
      </symbol>
      <symbol id="sm-8c4">
         <name>EUSCIA0_IRQHandler</name>
         <value>0x1653</value>
      </symbol>
      <symbol id="sm-8c5">
         <name>EUSCIA1_IRQHandler</name>
         <value>0x403b</value>
      </symbol>
      <symbol id="sm-8c6">
         <name>EUSCIA2_IRQHandler</name>
         <value>0x403b</value>
      </symbol>
      <symbol id="sm-8c7">
         <name>EUSCIA3_IRQHandler</name>
         <value>0x403b</value>
      </symbol>
      <symbol id="sm-8c8">
         <name>EUSCIB0_IRQHandler</name>
         <value>0x403b</value>
      </symbol>
      <symbol id="sm-8c9">
         <name>EUSCIB1_IRQHandler</name>
         <value>0x403b</value>
      </symbol>
      <symbol id="sm-8ca">
         <name>EUSCIB2_IRQHandler</name>
         <value>0x403b</value>
      </symbol>
      <symbol id="sm-8cb">
         <name>EUSCIB3_IRQHandler</name>
         <value>0x403b</value>
      </symbol>
      <symbol id="sm-8cc">
         <name>ADC14_IRQHandler</name>
         <value>0x403b</value>
      </symbol>
      <symbol id="sm-8cd">
         <name>T32_INT1_IRQHandler</name>
         <value>0x403b</value>
      </symbol>
      <symbol id="sm-8ce">
         <name>T32_INT2_IRQHandler</name>
         <value>0x403b</value>
      </symbol>
      <symbol id="sm-8cf">
         <name>T32_INTC_IRQHandler</name>
         <value>0x403b</value>
      </symbol>
      <symbol id="sm-8d0">
         <name>AES256_IRQHandler</name>
         <value>0x403b</value>
      </symbol>
      <symbol id="sm-8d1">
         <name>RTC_C_IRQHandler</name>
         <value>0x403b</value>
      </symbol>
      <symbol id="sm-8d2">
         <name>DMA_ERR_IRQHandler</name>
         <value>0x403b</value>
      </symbol>
      <symbol id="sm-8d3">
         <name>DMA_INT3_IRQHandler</name>
         <value>0x403b</value>
      </symbol>
      <symbol id="sm-8d4">
         <name>DMA_INT2_IRQHandler</name>
         <value>0x403b</value>
      </symbol>
      <symbol id="sm-8d5">
         <name>DMA_INT1_IRQHandler</name>
         <value>0x403b</value>
      </symbol>
      <symbol id="sm-8d6">
         <name>DMA_INT0_IRQHandler</name>
         <value>0x403b</value>
      </symbol>
      <symbol id="sm-8d7">
         <name>PORT1_IRQHandler</name>
         <value>0x403b</value>
      </symbol>
      <symbol id="sm-8d8">
         <name>PORT2_IRQHandler</name>
         <value>0x403b</value>
      </symbol>
      <symbol id="sm-8d9">
         <name>PORT3_IRQHandler</name>
         <value>0x403b</value>
      </symbol>
      <symbol id="sm-8da">
         <name>PORT4_IRQHandler</name>
         <value>0x328b</value>
      </symbol>
      <symbol id="sm-8db">
         <name>PORT5_IRQHandler</name>
         <value>0x403b</value>
      </symbol>
      <symbol id="sm-8dc">
         <name>PORT6_IRQHandler</name>
         <value>0x403b</value>
      </symbol>
      <symbol id="sm-8dd">
         <name>remove</name>
         <value>0x3f25</value>
      </symbol>
   </symbol_table>
   <title>Link successful</title>
</link_info>
