../Core/Src/main.c:118:6:OLED_disp_msg1	16	static
../Core/Src/main.c:136:6:OLED_disp_msg2	16	static
../Core/Src/main.c:180:6:OLED_disp_msg3	8	static
../Core/Src/main.c:201:6:Serial_tx	16	static
../Core/Src/main.c:214:6:Server_Motor12	8	static
../Core/Src/main.c:241:6:HAL_GPIO_EXTI_Callback	16	static
../Core/Src/main.c:260:7:mov_avr_pitch	24	static
../Core/Src/main.c:281:7:mov_avr_roll	24	static
../Core/Src/main.c:300:6:set_targets	4024	static
../Core/Src/main.c:322:6:get_angles	16	static
../Core/Src/main.c:376:6:roll_PID	40	static
../Core/Src/main.c:415:6:pitch_PID	40	static
../Core/Src/main.c:454:5:main	32	static
../Core/Src/main.c:560:6:SystemClock_Config	88	static
../Core/Src/main.c:606:13:MX_ADC1_Init	24	static
../Core/Src/main.c:658:13:MX_I2C2_Init	8	static
../Core/Src/main.c:692:13:MX_TIM1_Init	96	static
../Core/Src/main.c:779:13:MX_TIM2_Init	56	static
../Core/Src/main.c:828:13:MX_TIM4_Init	64	static
../Core/Src/main.c:891:13:MX_TIM5_Init	56	static
../Core/Src/main.c:940:13:MX_TIM8_Init	32	static
../Core/Src/main.c:986:13:MX_TIM12_Init	56	static
../Core/Src/main.c:1042:13:MX_USART2_UART_Init	8	static
../Core/Src/main.c:1075:13:MX_USART3_UART_Init	8	static
../Core/Src/main.c:1108:13:MX_GPIO_Init	48	static
../Core/Src/main.c:1176:6:Error_Handler	4	static,ignoring_inline_asm
